Archive member included because of file (symbol)

contiki-sky.a(contiki-sky-pla)
                              obj_sky/contiki-sky-main.o (init_platform)
contiki-sky.a(sht11-sensor.o)
                              TL1.co (sht11_sensor)
contiki-sky.a(button-sensor.o)
                              TL1.co (button_sensor)
contiki-sky.a(ds2411.o)       obj_sky/contiki-sky-main.o (ds2411_init)
contiki-sky.a(xmem.o)         obj_sky/contiki-sky-main.o (xmem_init)
contiki-sky.a(node-id.o)      obj_sky/contiki-sky-main.o (node_id_restore)
contiki-sky.a(sensors.o)      TL1.co (sensors_event)
contiki-sky.a(cc2420.o)       obj_sky/contiki-sky-main.o (cc2420_set_pan_addr)
contiki-sky.a(cc2420-arch.o)  contiki-sky.a(cc2420.o) (cc2420_arch_init)
contiki-sky.a(uart1.o)        obj_sky/contiki-sky-main.o (uart1_active)
contiki-sky.a(uart1-putchar.o)
                              obj_sky/contiki-sky-main.o (putchar)
contiki-sky.a(msp430.o)       contiki-sky.a(uart1.o) (msp430_add_lpm_req)
contiki-sky.a(clock.o)        obj_sky/contiki-sky-main.o (clock_init)
contiki-sky.a(leds.o)         obj_sky/contiki-sky-main.o (leds_init)
contiki-sky.a(leds-arch.o)    contiki-sky.a(leds.o) (leds_arch_init)
contiki-sky.a(watchdog.o)     obj_sky/contiki-sky-main.o (watchdog_start)
contiki-sky.a(rtimer-arch.o)  obj_sky/contiki-sky-main.o (rtimer_arch_now)
contiki-sky.a(autostart.o)    obj_sky/contiki-sky-main.o (autostart_start)
contiki-sky.a(ctimer.o)       obj_sky/contiki-sky-main.o (ctimer_init)
contiki-sky.a(energest.o)     obj_sky/contiki-sky-main.o (energest_init)
contiki-sky.a(etimer.o)       contiki-sky.a(clock.o) (etimer_request_poll)
contiki-sky.a(process.o)      contiki-sky.a(ctimer.o) (process_current)
contiki-sky.a(rtimer.o)       obj_sky/contiki-sky-main.o (rtimer_init)
contiki-sky.a(timer.o)        obj_sky/contiki-sky-main.o (timer_set)
contiki-sky.a(serial-line.o)  obj_sky/contiki-sky-main.o (serial_line_input_byte)
contiki-sky.a(ringbuf.o)      contiki-sky.a(serial-line.o) (ringbuf_init)
contiki-sky.a(list.o)         contiki-sky.a(ctimer.o) (list_init)
contiki-sky.a(random.o)       obj_sky/contiki-sky-main.o (random_init)
contiki-sky.a(rime.o)         obj_sky/contiki-sky-main.o (rime_driver)
contiki-sky.a(broadcast-annou)
                              contiki-sky.a(rime.o) (broadcast_announcement_init)
contiki-sky.a(announcement.o)
                              contiki-sky.a(rime.o) (announcement_init)
contiki-sky.a(runicast.o)     TL1.co (runicast_open)
contiki-sky.a(stunicast.o)    contiki-sky.a(runicast.o) (stunicast_open)
contiki-sky.a(chameleon.o)    contiki-sky.a(rime.o) (chameleon_init)
contiki-sky.a(channel.o)      contiki-sky.a(chameleon.o) (channel_init)
contiki-sky.a(broadcast.o)    TL1.co (broadcast_open)
contiki-sky.a(unicast.o)      contiki-sky.a(stunicast.o) (unicast_open)
contiki-sky.a(abc.o)          contiki-sky.a(broadcast.o) (abc_open)
contiki-sky.a(csma.o)         obj_sky/contiki-sky-main.o (csma_driver)
contiki-sky.a(mac.o)          contiki-sky.a(csma.o) (mac_call_sent_callback)
contiki-sky.a(queuebuf.o)     contiki-sky.a(rime.o) (queuebuf_init)
contiki-sky.a(packetbuf.o)    contiki-sky.a(cc2420.o) (packetbuf_set_datalen)
contiki-sky.a(linkaddr.o)     obj_sky/contiki-sky-main.o (linkaddr_copy)
contiki-sky.a(contikimac.o)   obj_sky/contiki-sky-main.o (contikimac_driver)
contiki-sky.a(contikimac-fram)
                              contiki-sky.a(contikimac.o) (contikimac_framer)
contiki-sky.a(nullsec.o)      obj_sky/contiki-sky-main.o (nullsec_driver)
contiki-sky.a(sht11.o)        contiki-sky.a(sht11-sensor.o) (sht11_init)
contiki-sky.a(spi.o)          contiki-sky.a(xmem.o) (spi_init)
contiki-sky.a(compower.o)     contiki-sky.a(contikimac.o) (compower_idle_activity)
contiki-sky.a(memb.o)         contiki-sky.a(csma.o) (memb_init)
contiki-sky.a(chameleon-bitop)
                              contiki-sky.a(chameleon.o) (chameleon_bitopt)
contiki-sky.a(mac-sequence.o)
                              contiki-sky.a(contikimac.o) (mac_sequence_is_duplicate)
contiki-sky.a(framer-802154.o)
                              contiki-sky.a(contikimac-fram) (framer_802154)
contiki-sky.a(frame802154.o)  contiki-sky.a(framer-802154.o) (frame802154_get_pan_id)
/usr/local/bin/../lib/gcc/msp430/4.7.2/mmpy-16/libgcc.a(_mulsi3.o)
                              contiki-sky.a(csma.o) (__mulsi3)
/usr/local/bin/../lib/gcc/msp430/4.7.2/mmpy-16/libgcc.a(_divmod16.o)
                              TL1.co (__divhi3)
/usr/local/bin/../lib/gcc/msp430/4.7.2/mmpy-16/libgcc.a(_udivmod32.o)
                              obj_sky/contiki-sky-main.o (__udivsi3)
/usr/local/bin/../lib/gcc/msp430/4.7.2/mmpy-16/libgcc.a(_udivmod16.o)
                              /usr/local/bin/../lib/gcc/msp430/4.7.2/mmpy-16/libgcc.a(_divmod16.o) (__ext_udivmod16)
/usr/local/bin/../lib/gcc/msp430/4.7.2/../../../../msp430/lib/mmpy-16/libc.a(printf.o)
                              TL1.co (printf)
[...]
Memory Configuration

Name             Origin             Length             Attributes
sfr              0x00000000         0x00000010
peripheral_8bit  0x00000010         0x000000f0
peripheral_16bit 0x00000100         0x00000100
ram_mirror       0x00000200         0x00000800         xw
infomem          0x00001000         0x00000100
infob            0x00001000         0x00000080
infoa            0x00001080         0x00000080
ram              0x00001100         0x00002800         xw
rom              0x00004000         0x0000bfe0         xr
vectors          0x0000ffe0         0x00000020
bsl              0x00000000         0x00000000
infoc            0x00000000         0x00000000
infod            0x00000000         0x00000000
ram2             0x00000000         0x00000000         xw
usbram           0x00000000         0x00000000         xw
far_rom          0x00000000         0x00000000
*default*        0x00000000         0xffffffff

Linker script and memory map

LOAD /usr/local/bin/../lib/gcc/msp430/4.7.2/mmpy-16/crt0ivtbl16.o
LOAD TL1.co
LOAD obj_sky/contiki-sky-main.o
LOAD contiki-sky.a
LOAD /usr/local/bin/../lib/gcc/msp430/4.7.2/mmpy-16/libgcc.a
LOAD /usr/local/bin/../lib/gcc/msp430/4.7.2/../../../../msp430/lib/mmpy-16/libc.a
LOAD /usr/local/bin/../lib/gcc/msp430/4.7.2/mmpy-16/libgcc.a
LOAD /usr/local/bin/../lib/gcc/msp430/4.7.2/mmpy-16/libcrt0.a
                0x00000080                PROVIDE (__info_segment_size, 0x80)
                0x00001000                PROVIDE (__infob, 0x1000)
                0x00001080                PROVIDE (__infoa, 0x1080)
                0x00000000                __IE1 = 0x0
                0x00000002                __IFG1 = 0x2
                0x00000004                __ME1 = 0x4
                0x00000001                __IE2 = 0x1
                0x00000003                __IFG2 = 0x3
                0x00000005                __ME2 = 0x5
                0x00000120                __WDTCTL = 0x120
                0x00000130                __MPY = 0x130
                0x00000132                __MPYS = 0x132
                0x00000134                __MAC = 0x134
                0x00000136                __MACS = 0x136
                0x00000138                __OP2 = 0x138
                0x0000013a                __RESLO = 0x13a
                0x0000013c                __RESHI = 0x13c
                0x0000013e                __SUMEXT = 0x13e
                0x00000020                __P1IN = 0x20
                0x00000021                __P1OUT = 0x21
                0x00000022                __P1DIR = 0x22
                0x00000023                __P1IFG = 0x23
                0x00000024                __P1IES = 0x24
                0x00000025                __P1IE = 0x25
                0x00000026                __P1SEL = 0x26
                0x00000028                __P2IN = 0x28
                0x00000029                __P2OUT = 0x29
                0x0000002a                __P2DIR = 0x2a
                0x0000002b                __P2IFG = 0x2b
                0x0000002c                __P2IES = 0x2c
                0x0000002d                __P2IE = 0x2d
                0x0000002e                __P2SEL = 0x2e
                0x00000018                __P3IN = 0x18
                0x00000019                __P3OUT = 0x19
                0x0000001a                __P3DIR = 0x1a
                0x0000001b                __P3SEL = 0x1b
                0x0000001c                __P4IN = 0x1c
                0x0000001d                __P4OUT = 0x1d
                0x0000001e                __P4DIR = 0x1e
                0x0000001f                __P4SEL = 0x1f
                0x00000030                __P5IN = 0x30
                0x00000031                __P5OUT = 0x31
                0x00000032                __P5DIR = 0x32
                0x00000033                __P5SEL = 0x33
                0x00000034                __P6IN = 0x34
                0x00000035                __P6OUT = 0x35
                0x00000036                __P6DIR = 0x36
                0x00000037                __P6SEL = 0x37
                0x00000070                __U0CTL = 0x70
                0x00000071                __U0TCTL = 0x71
                0x00000072                __U0RCTL = 0x72
                0x00000073                __U0MCTL = 0x73
                0x00000074                __U0BR0 = 0x74
                0x00000075                __U0BR1 = 0x75
                0x00000076                __U0RXBUF = 0x76
                0x00000077                __U0TXBUF = 0x77
                0x00000078                __U1CTL = 0x78
                0x00000079                __U1TCTL = 0x79
                0x0000007a                __U1RCTL = 0x7a
                0x0000007b                __U1MCTL = 0x7b
                0x0000007c                __U1BR0 = 0x7c
                0x0000007d                __U1BR1 = 0x7d
                0x0000007e                __U1RXBUF = 0x7e
                0x0000007f                __U1TXBUF = 0x7f
                0x00000050                __I2CIE = 0x50
                0x00000051                __I2CIFG = 0x51
                0x00000052                __I2CNDAT = 0x52
                0x00000071                __I2CTCTL = 0x71
                0x00000072                __I2CDCTL = 0x72
                0x00000073                __I2CPSC = 0x73
                0x00000074                __I2CSCLH = 0x74
                0x00000075                __I2CSCLL = 0x75
                0x00000076                __I2CDRB = 0x76
                0x00000076                __I2CDRW = 0x76
                0x00000118                __I2COA = 0x118
                0x0000011a                __I2CSA = 0x11a
                0x0000011c                __I2CIV = 0x11c
                0x0000012e                __TAIV = 0x12e
                0x00000160                __TACTL = 0x160
                0x00000162                __TACCTL0 = 0x162
                0x00000164                __TACCTL1 = 0x164
                0x00000166                __TACCTL2 = 0x166
                0x00000170                __TAR = 0x170
                0x00000172                __TACCR0 = 0x172
                0x00000174                __TACCR1 = 0x174
                0x00000176                __TACCR2 = 0x176
                0x0000011e                __TBIV = 0x11e
                0x00000180                __TBCTL = 0x180
                0x00000182                __TBCCTL0 = 0x182
                0x00000184                __TBCCTL1 = 0x184
                0x00000186                __TBCCTL2 = 0x186
                0x00000188                __TBCCTL3 = 0x188
                0x0000018a                __TBCCTL4 = 0x18a
                0x0000018c                __TBCCTL5 = 0x18c
                0x0000018e                __TBCCTL6 = 0x18e
                0x00000190                __TBR = 0x190
                0x00000192                __TBCCR0 = 0x192
                0x00000194                __TBCCR1 = 0x194
                0x00000196                __TBCCR2 = 0x196
                0x00000198                __TBCCR3 = 0x198
                0x0000019a                __TBCCR4 = 0x19a
                0x0000019c                __TBCCR5 = 0x19c
                0x0000019e                __TBCCR6 = 0x19e
                0x00000056                __DCOCTL = 0x56
                0x00000057                __BCSCTL1 = 0x57
                0x00000058                __BCSCTL2 = 0x58
                0x00000055                __SVSCTL = 0x55
                0x00000128                __FCTL1 = 0x128
                0x0000012a                __FCTL2 = 0x12a
                0x0000012c                __FCTL3 = 0x12c
                0x00000059                __CACTL1 = 0x59
                0x0000005a                __CACTL2 = 0x5a
                0x0000005b                __CAPD = 0x5b
                0x000001a0                __ADC12CTL0 = 0x1a0
                0x000001a2                __ADC12CTL1 = 0x1a2
                0x000001a4                __ADC12IFG = 0x1a4
                0x000001a6                __ADC12IE = 0x1a6
                0x000001a8                __ADC12IV = 0x1a8
                0x00000140                __ADC12MEM0 = 0x140
                0x00000142                __ADC12MEM1 = 0x142
                0x00000144                __ADC12MEM2 = 0x144
                0x00000146                __ADC12MEM3 = 0x146
                0x00000148                __ADC12MEM4 = 0x148
                0x0000014a                __ADC12MEM5 = 0x14a
                0x0000014c                __ADC12MEM6 = 0x14c
                0x0000014e                __ADC12MEM7 = 0x14e
                0x00000150                __ADC12MEM8 = 0x150
                0x00000152                __ADC12MEM9 = 0x152
                0x00000154                __ADC12MEM10 = 0x154
                0x00000156                __ADC12MEM11 = 0x156
                0x00000158                __ADC12MEM12 = 0x158
                0x0000015a                __ADC12MEM13 = 0x15a
                0x0000015c                __ADC12MEM14 = 0x15c
                0x0000015e                __ADC12MEM15 = 0x15e
                0x00000080                __ADC12MCTL0 = 0x80
                0x00000081                __ADC12MCTL1 = 0x81
                0x00000082                __ADC12MCTL2 = 0x82
                0x00000083                __ADC12MCTL3 = 0x83
                0x00000084                __ADC12MCTL4 = 0x84
                0x00000085                __ADC12MCTL5 = 0x85
                0x00000086                __ADC12MCTL6 = 0x86
                0x00000087                __ADC12MCTL7 = 0x87
                0x00000088                __ADC12MCTL8 = 0x88
                0x00000089                __ADC12MCTL9 = 0x89
                0x0000008a                __ADC12MCTL10 = 0x8a
                0x0000008b                __ADC12MCTL11 = 0x8b
                0x0000008c                __ADC12MCTL12 = 0x8c
                0x0000008d                __ADC12MCTL13 = 0x8d
                0x0000008e                __ADC12MCTL14 = 0x8e
                0x0000008f                __ADC12MCTL15 = 0x8f
                0x000001c0                __DAC12_0CTL = 0x1c0
                0x000001c2                __DAC12_1CTL = 0x1c2
                0x000001c8                __DAC12_0DAT = 0x1c8
                0x000001ca                __DAC12_1DAT = 0x1ca
                0x00000122                __DMACTL0 = 0x122
                0x00000124                __DMACTL1 = 0x124
                0x000001e0                __DMA0CTL = 0x1e0
                0x000001e8                __DMA1CTL = 0x1e8
                0x000001f0                __DMA2CTL = 0x1f0
                0x000001e2                __DMA0SA = 0x1e2
                0x000001e4                __DMA0DA = 0x1e4
                0x000001e6                __DMA0SZ = 0x1e6
                0x000001ea                __DMA1SA = 0x1ea
                0x000001ec                __DMA1DA = 0x1ec
                0x000001ee                __DMA1SZ = 0x1ee
                0x000001f2                __DMA2SA = 0x1f2
                0x000001f4                __DMA2DA = 0x1f4
                0x000001f6                __DMA2SZ = 0x1f6

.hash
 *(.hash)

.dynsym
 *(.dynsym)

.dynstr
 *(.dynstr)

.gnu.version
 *(.gnu.version)

.gnu.version_d
 *(.gnu.version_d)

.gnu.version_r
 *(.gnu.version_r)

.rel.init
 *(.rel.init)

.rela.init
 *(.rela.init)

.rel.fini
 *(.rel.fini)

.rela.fini
 *(.rela.fini)

.rel.text
 *(.rel.text .rel.text.* .rel.gnu.linkonce.t.*)

.rela.text
 *(.rela.text .rela.text.* .rela.gnu.linkonce.t.*)

.rel.rodata
 *(.rel.rodata .rel.rodata.* .rel.gnu.linkonce.r.*)

.rela.rodata
 *(.rela.rodata .rela.rodata.* .rela.gnu.linkonce.r.*)

.rel.data
 *(.rel.data .rel.data.* .rel.gnu.linkonce.d.*)

.rela.data
 *(.rela.data .rela.data.* .rela.gnu.linkonce.d.*)

.rel.bss
 *(.rel.bss .rel.bss.* .rel.gnu.linkonce.b.*)

.rela.bss
 *(.rela.bss .rela.bss.* .rela.gnu.linkonce.b.*)

.rel.ctors
 *(.rel.ctors)

.rela.ctors
 *(.rela.ctors)

.rel.dtors
 *(.rel.dtors)

.rela.dtors
 *(.rela.dtors)

.rel.got
 *(.rel.got)

.rela.got
 *(.rela.got)

.rel.plt
 *(.rel.plt)

.rela.plt
 *(.rela.plt)

.text           0x00004000     0x5b6e
                0x00004000                . = ALIGN (0x2)
 *(.init .init.*)
 *(.init0)
 .init0         0x00004000        0x0 /usr/local/bin/../lib/gcc/msp430/4.7.2/mmpy-16/libcrt0.a(_reset_vector__.o)
                0x00004000                _reset_vector__
 *(.init1)
 .init1         0x00004000        0xc /usr/local/bin/../lib/gcc/msp430/4.7.2/mmpy-16/libcrt0.a(__watchdog_support.o)
                0x00004000                __watchdog_support
 *(.init2)
 .init2         0x0000400c        0x4 /usr/local/bin/../lib/gcc/msp430/4.7.2/mmpy-16/libcrt0.a(__init_stack.o)
                0x0000400c                __init_stack
 *(.init3)
 .init3         0x00004010        0x0 /usr/local/bin/../lib/gcc/msp430/4.7.2/mmpy-16/libcrt0.a(__low_level_init.o)
                0x00004010                __low_level_init
 *(.init4)
 .init4         0x00004010       0x18 /usr/local/bin/../lib/gcc/msp430/4.7.2/mmpy-16/libcrt0.a(_copy_data.o)
                0x00004010                __do_copy_data
 .init4         0x00004028       0x16 /usr/local/bin/../lib/gcc/msp430/4.7.2/mmpy-16/libcrt0.a(_clear_bss.o)
                0x00004028                __do_clear_bss
 *(.init5)
 *(.init6)
 *(.init7)
 *(.init8)
 *(.init9)
 .init9         0x0000403e      0x2d8 obj_sky/contiki-sky-main.o
                0x0000403e                main
 *(.fini9)
 .fini9         0x00004316        0x0 /usr/local/bin/../lib/gcc/msp430/4.7.2/mmpy-16/libcrt0.a(__stop_progExec__.o)
                0x00004316                __stop_progExec__
 *(.fini8)
 *(.fini7)
 *(.fini6)
 *(.fini5)
 *(.fini4)
 *(.fini3)
 *(.fini2)
 *(.fini1)
 *(.fini0)
 .fini0         0x00004316        0x6 /usr/local/bin/../lib/gcc/msp430/4.7.2/mmpy-16/libcrt0.a(_endless_loop__.o)
                0x00004316                _endless_loop__
 *(.fini .fini.*)
                0x0000431c                . = ALIGN (0x2)
                0x0000431c                __ctors_start = .
 *(.ctors)
                0x0000431c                __ctors_end = .
                0x0000431c                __dtors_start = .
 *(.dtors)
                0x0000431c                __dtors_end = .
                0x0000431c                . = ALIGN (0x2)
 *(.text .text.* .gnu.linkonce.t.*)
 .text          0x0000431c        0x4 /usr/local/bin/../lib/gcc/msp430/4.7.2/mmpy-16/crt0ivtbl16.o
                0x0000431c                __isr_14
                0x0000431c                __isr_11
                0x0000431c                __isr_2
                0x0000431c                __isr_7
                0x0000431c                __isr_0
                0x0000431c                __isr_8
                0x0000431c                __isr_3
                0x0000431c                __isr_12
                0x0000431c                __isr_13
                0x0000431c                __isr_9
 .text.recv_runicast
                0x00004320        0x2 TL1.co
 .text.sent_runicast
                0x00004322        0x2 TL1.co
 .text.timedout_runicast
                0x00004324        0x2 TL1.co
 .text.broadcast_sent
                0x00004326        0x2 TL1.co
 .text.broadcast_recv
                0x00004328      0x112 TL1.co
 .text.reduce_battery.constprop.3
                0x0000443a       0x48 TL1.co
 .text.process_thread_sem_TL1
                0x00004482      0x3b8 TL1.co
 .text.init_platform
                0x0000483a        0xc contiki-sky.a(contiki-sky-pla)
                0x0000483a                init_platform
 .text.status   0x00004846       0x14 contiki-sky.a(sht11-sensor.o)
 .text.value    0x0000485a       0x30 contiki-sky.a(sht11-sensor.o)
 .text.configure
                0x0000488a       0x3e contiki-sky.a(sht11-sensor.o)
 .text.status   0x000048c8       0x18 contiki-sky.a(button-sensor.o)
 .text.value    0x000048e0       0x20 contiki-sky.a(button-sensor.o)
 .text.configure
                0x00004900       0x4c contiki-sky.a(button-sensor.o)
 .text.irq_p2   0x0000494c       0x88 contiki-sky.a(button-sensor.o)
                0x0000494c                irq_p2
                0x0000494c                __isr_1
 .text.owreadb  0x000049d4       0x50 contiki-sky.a(ds2411.o)
 .text.ds2411_init
                0x00004a24      0x120 contiki-sky.a(ds2411.o)
                0x00004a24                ds2411_init
 .text.wait_ready
                0x00004b44       0x4a contiki-sky.a(xmem.o)
 .text.xmem_init
                0x00004b8e       0x3c contiki-sky.a(xmem.o)
                0x00004b8e                xmem_init
 .text.xmem_pread
                0x00004bca       0xda contiki-sky.a(xmem.o)
                0x00004bca                xmem_pread
 .text.node_id_restore
                0x00004ca4       0x38 contiki-sky.a(node-id.o)
                0x00004ca4                node_id_restore
 .text.process_thread_sensors_process
                0x00004cdc       0xc2 contiki-sky.a(sensors.o)
 .text.sensors_changed
                0x00004d9e       0x2a contiki-sky.a(sensors.o)
                0x00004d9e                sensors_changed
 .text.get_object
                0x00004dc8        0x4 contiki-sky.a(cc2420.o)
 .text.set_object
                0x00004dcc        0x4 contiki-sky.a(cc2420.o)
 .text.strobe   0x00004dd0       0x1c contiki-sky.a(cc2420.o)
 .text.getreg   0x00004dec       0x4c contiki-sky.a(cc2420.o)
 .text.setreg   0x00004e38       0x4c contiki-sky.a(cc2420.o)
 .text.write_ram
                0x00004e84       0x7c contiki-sky.a(cc2420.o)
 .text.write_fifo_buf
                0x00004f00       0x3c contiki-sky.a(cc2420.o)
 .text.get_status
                0x00004f3c       0x20 contiki-sky.a(cc2420.o)
 .text.set_txpower
                0x00004f5c       0x24 contiki-sky.a(cc2420.o)
 .text.cc2420_receiving_packet
                0x00004f80        0xc contiki-sky.a(cc2420.o)
 .text.pending_packet
                0x00004f8c        0x8 contiki-sky.a(cc2420.o)
 .text.on       0x00004f94       0x26 contiki-sky.a(cc2420.o)
 .text.wait_for_transmission
                0x00004fba       0x22 contiki-sky.a(cc2420.o)
 .text.wait_for_status
                0x00004fdc       0x28 contiki-sky.a(cc2420.o)
 .text.getrxdata
                0x00005004       0x50 contiki-sky.a(cc2420.o)
 .text.flushrx  0x00005054       0x1a contiki-sky.a(cc2420.o)
 .text.off      0x0000506e       0x5e contiki-sky.a(cc2420.o)
 .text.RELEASE_LOCK
                0x000050cc       0x28 contiki-sky.a(cc2420.o)
 .text.set_key  0x000050f4       0x18 contiki-sky.a(cc2420.o)
 .text.set_frame_filtering
                0x0000510c       0x30 contiki-sky.a(cc2420.o)
 .text.set_auto_ack
                0x0000513c       0x30 contiki-sky.a(cc2420.o)
 .text.set_poll_mode
                0x0000516c       0x2c contiki-sky.a(cc2420.o)
 .text.cc2420_prepare
                0x00005198       0x3c contiki-sky.a(cc2420.o)
 .text.cc2420_on
                0x000051d4       0x22 contiki-sky.a(cc2420.o)
                0x000051d4                cc2420_on
 .text.cc2420_off
                0x000051f6       0x30 contiki-sky.a(cc2420.o)
                0x000051f6                cc2420_off
 .text.cc2420_cca
                0x00005226       0x68 contiki-sky.a(cc2420.o)
 .text.cc2420_read
                0x0000528e       0xbc contiki-sky.a(cc2420.o)
 .text.process_thread_cc2420_process
                0x0000534a       0x5c contiki-sky.a(cc2420.o)
 .text.encrypt  0x000053a6       0x88 contiki-sky.a(cc2420.o)
 .text.cc2420_set_channel
                0x0000542e       0x3c contiki-sky.a(cc2420.o)
                0x0000542e                cc2420_set_channel
 .text.cc2420_set_pan_addr
                0x0000546a       0x4c contiki-sky.a(cc2420.o)
                0x0000546a                cc2420_set_pan_addr
 .text.cc2420_interrupt
                0x000054b6       0x16 contiki-sky.a(cc2420.o)
                0x000054b6                cc2420_interrupt
 .text.cc2420_set_txpower
                0x000054cc        0xe contiki-sky.a(cc2420.o)
                0x000054cc                cc2420_set_txpower
 .text.cc2420_get_txpower
                0x000054da       0x1e contiki-sky.a(cc2420.o)
                0x000054da                cc2420_get_txpower
 .text.cc2420_transmit
                0x000054f8      0x136 contiki-sky.a(cc2420.o)
 .text.cc2420_send
                0x0000562e       0x12 contiki-sky.a(cc2420.o)
 .text.cc2420_rssi
                0x00005640       0x4c contiki-sky.a(cc2420.o)
                0x00005640                cc2420_rssi
 .text.get_value
                0x0000568c      0x104 contiki-sky.a(cc2420.o)
 .text.cc2420_set_cca_threshold
                0x00005790       0x16 contiki-sky.a(cc2420.o)
                0x00005790                cc2420_set_cca_threshold
 .text.set_value
                0x000057a6       0xb8 contiki-sky.a(cc2420.o)
 .text.cc2420_init
                0x0000585e       0xea contiki-sky.a(cc2420.o)
                0x0000585e                cc2420_init
 .text.cc2420_port1_interrupt
                0x00005948       0x62 contiki-sky.a(cc2420-arch.o)
                0x00005948                __isr_4
                0x00005948                cc2420_port1_interrupt
 .text.cc2420_arch_init
                0x000059aa       0x1a contiki-sky.a(cc2420-arch.o)
                0x000059aa                cc2420_arch_init
 .text.handle_rxdma_timer
                0x000059c4       0x3a contiki-sky.a(uart1.o)
 .text.uart1_active
                0x000059fe       0x18 contiki-sky.a(uart1.o)
                0x000059fe                uart1_active
 .text.uart1_set_input
                0x00005a16       0x20 contiki-sky.a(uart1.o)
                0x00005a16                uart1_set_input
 .text.uart1_writeb
                0x00005a36       0x18 contiki-sky.a(uart1.o)
                0x00005a36                uart1_writeb
 .text.uart1_init
                0x00005a4e       0xf4 contiki-sky.a(uart1.o)
                0x00005a4e                uart1_init
 .text.putchar  0x00005b42       0x10 contiki-sky.a(uart1-putchar.o)
                0x00005b42                putchar
 .text.msp430_init_dco
                0x00005b52       0x82 contiki-sky.a(msp430.o)
                0x00005b52                msp430_init_dco
 .text.msp430_add_lpm_req
                0x00005bd4        0xc contiki-sky.a(msp430.o)
                0x00005bd4                msp430_add_lpm_req
 .text.msp430_cpu_init
                0x00005be0       0x2a contiki-sky.a(msp430.o)
                0x00005be0                msp430_cpu_init
 .text.splhigh_
                0x00005c0a        0x8 contiki-sky.a(msp430.o)
                0x00005c0a                splhigh_
 .text.msp430_sync_dco
                0x00005c12       0x6c contiki-sky.a(msp430.o)
                0x00005c12                msp430_sync_dco
 .text.timera1  0x00005c7e      0x11e contiki-sky.a(clock.o)
                0x00005c7e                __isr_5
                0x00005c7e                timera1
 .text.clock_time
                0x00005d9c       0x1a contiki-sky.a(clock.o)
                0x00005d9c                clock_time
 .text.clock_init
                0x00005db6       0x28 contiki-sky.a(clock.o)
                0x00005db6                clock_init
 .text.clock_delay
                0x00005dde        0xc contiki-sky.a(clock.o)
                0x00005dde                clock_delay
 .text.clock_wait
                0x00005dea       0x30 contiki-sky.a(clock.o)
                0x00005dea                clock_wait
 .text.show_leds
                0x00005e1a       0xf0 contiki-sky.a(leds.o)
 .text.leds_init
                0x00005f0a        0xa contiki-sky.a(leds.o)
                0x00005f0a                leds_init
 .text.leds_on  0x00005f14        0xa contiki-sky.a(leds.o)
                0x00005f14                leds_on
 .text.leds_off
                0x00005f1e        0xe contiki-sky.a(leds.o)
                0x00005f1e                leds_off
 .text.leds_toggle
                0x00005f2c        0xa contiki-sky.a(leds.o)
                0x00005f2c                leds_toggle
 .text.leds_arch_init
                0x00005f36        0xe contiki-sky.a(leds-arch.o)
                0x00005f36                leds_arch_init
 .text.leds_arch_set
                0x00005f44       0x38 contiki-sky.a(leds-arch.o)
                0x00005f44                leds_arch_set
 .text.watchdog_interrupt
                0x00005f7c        0x6 contiki-sky.a(watchdog.o)
                0x00005f7c                __isr_10
                0x00005f7c                watchdog_interrupt
 .text.watchdog_start
                0x00005f82       0x14 contiki-sky.a(watchdog.o)
                0x00005f82                watchdog_start
 .text.watchdog_periodic
                0x00005f96       0x12 contiki-sky.a(watchdog.o)
                0x00005f96                watchdog_periodic
 .text.watchdog_stop
                0x00005fa8       0x16 contiki-sky.a(watchdog.o)
                0x00005fa8                watchdog_stop
 .text.watchdog_init
                0x00005fbe       0x12 contiki-sky.a(watchdog.o)
                0x00005fbe                watchdog_init
 .text.rtimer_arch_init
                0x00005fd0        0xe contiki-sky.a(rtimer-arch.o)
                0x00005fd0                rtimer_arch_init
 .text.rtimer_arch_now
                0x00005fde        0xe contiki-sky.a(rtimer-arch.o)
                0x00005fde                rtimer_arch_now
 .text.timera0  0x00005fec       0x70 contiki-sky.a(rtimer-arch.o)
                0x00005fec                __isr_6
                0x00005fec                timera0
 .text.rtimer_arch_schedule
                0x0000605c        0x6 contiki-sky.a(rtimer-arch.o)
                0x0000605c                rtimer_arch_schedule
 .text.autostart_start
                0x00006062       0x16 contiki-sky.a(autostart.o)
                0x00006062                autostart_start
 .text.process_thread_ctimer_process
                0x00006078       0xa8 contiki-sky.a(ctimer.o)
 .text.ctimer_init
                0x00006120       0x18 contiki-sky.a(ctimer.o)
                0x00006120                ctimer_init
 .text.ctimer_set_with_process
                0x00006138       0x4e contiki-sky.a(ctimer.o)
                0x00006138                ctimer_set_with_process
 .text.ctimer_set
                0x00006186       0x10 contiki-sky.a(ctimer.o)
                0x00006186                ctimer_set
 .text.ctimer_reset
                0x00006196       0x30 contiki-sky.a(ctimer.o)
                0x00006196                ctimer_reset
 .text.ctimer_restart
                0x000061c6       0x30 contiki-sky.a(ctimer.o)
                0x000061c6                ctimer_restart
 .text.ctimer_stop
                0x000061f6       0x28 contiki-sky.a(ctimer.o)
                0x000061f6                ctimer_stop
 .text.energest_init
                0x0000621e       0x26 contiki-sky.a(energest.o)
                0x0000621e                energest_init
 .text.energest_type_time
                0x00006244       0x48 contiki-sky.a(energest.o)
                0x00006244                energest_type_time
 .text.energest_type_set
                0x0000628c        0xe contiki-sky.a(energest.o)
                0x0000628c                energest_type_set
 .text.energest_flush
                0x0000629a       0x48 contiki-sky.a(energest.o)
                0x0000629a                energest_flush
 .text.update_time
                0x000062e2       0x78 contiki-sky.a(etimer.o)
 .text.etimer_request_poll
                0x0000635a        0xa contiki-sky.a(etimer.o)
                0x0000635a                etimer_request_poll
 .text.process_thread_etimer_process
                0x00006364       0xcc contiki-sky.a(etimer.o)
 .text.add_timer
                0x00006430       0x40 contiki-sky.a(etimer.o)
 .text.etimer_set
                0x00006470       0x12 contiki-sky.a(etimer.o)
                0x00006470                etimer_set
 .text.etimer_reset
                0x00006482       0x12 contiki-sky.a(etimer.o)
                0x00006482                etimer_reset
 .text.etimer_restart
                0x00006494       0x12 contiki-sky.a(etimer.o)
                0x00006494                etimer_restart
 .text.etimer_expired
                0x000064a6        0xe contiki-sky.a(etimer.o)
                0x000064a6                etimer_expired
 .text.etimer_pending
                0x000064b4        0xc contiki-sky.a(etimer.o)
                0x000064b4                etimer_pending
 .text.etimer_next_expiration_time
                0x000064c0       0x16 contiki-sky.a(etimer.o)
                0x000064c0                etimer_next_expiration_time
 .text.etimer_stop
                0x000064d6       0x3e contiki-sky.a(etimer.o)
                0x000064d6                etimer_stop
 .text.call_process
                0x00006514       0x46 contiki-sky.a(process.o)
 .text.exit_process
                0x0000655a       0x96 contiki-sky.a(process.o)
 .text.do_poll  0x000065f0       0x30 contiki-sky.a(process.o)
 .text.process_alloc_event
                0x00006620        0xe contiki-sky.a(process.o)
                0x00006620                process_alloc_event
 .text.process_init
                0x0000662e       0x1c contiki-sky.a(process.o)
                0x0000662e                process_init
 .text.process_run
                0x0000664a       0x92 contiki-sky.a(process.o)
                0x0000664a                process_run
 .text.process_nevents
                0x000066dc        0xe contiki-sky.a(process.o)
                0x000066dc                process_nevents
 .text.process_post
                0x000066ea       0x4e contiki-sky.a(process.o)
                0x000066ea                process_post
 .text.process_post_synch
                0x00006738       0x12 contiki-sky.a(process.o)
                0x00006738                process_post_synch
 .text.process_start
                0x0000674a       0x36 contiki-sky.a(process.o)
                0x0000674a                process_start
 .text.process_poll
                0x00006780       0x18 contiki-sky.a(process.o)
                0x00006780                process_poll
 .text.rtimer_init
                0x00006798        0x6 contiki-sky.a(rtimer.o)
                0x00006798                rtimer_init
 .text.rtimer_set
                0x0000679e       0x24 contiki-sky.a(rtimer.o)
                0x0000679e                rtimer_set
 .text.rtimer_run_next
                0x000067c2       0x26 contiki-sky.a(rtimer.o)
                0x000067c2                rtimer_run_next
 .text.timer_set
                0x000067e8       0x1c contiki-sky.a(timer.o)
                0x000067e8                timer_set
 .text.timer_reset
                0x00006804        0xe contiki-sky.a(timer.o)
                0x00006804                timer_reset
 .text.timer_restart
                0x00006812       0x14 contiki-sky.a(timer.o)
                0x00006812                timer_restart
 .text.timer_expired
                0x00006826       0x2a contiki-sky.a(timer.o)
                0x00006826                timer_expired
 .text.process_thread_serial_line_process
                0x00006850       0x9e contiki-sky.a(serial-line.o)
 .text.serial_line_input_byte
                0x000068ee       0x4a contiki-sky.a(serial-line.o)
                0x000068ee                serial_line_input_byte
 .text.serial_line_init
                0x00006938       0x1c contiki-sky.a(serial-line.o)
                0x00006938                serial_line_init
 .text.ringbuf_init
                0x00006954       0x14 contiki-sky.a(ringbuf.o)
                0x00006954                ringbuf_init
 .text.ringbuf_put
                0x00006968       0x38 contiki-sky.a(ringbuf.o)
                0x00006968                ringbuf_put
 .text.ringbuf_get
                0x000069a0       0x32 contiki-sky.a(ringbuf.o)
                0x000069a0                ringbuf_get
 .text.list_init
                0x000069d2        0x6 contiki-sky.a(list.o)
                0x000069d2                list_init
 .text.list_head
                0x000069d8        0x4 contiki-sky.a(list.o)
                0x000069d8                list_head
 .text.list_tail
                0x000069dc       0x12 contiki-sky.a(list.o)
                0x000069dc                list_tail
 .text.list_remove
                0x000069ee       0x34 contiki-sky.a(list.o)
                0x000069ee                list_remove
 .text.list_push
                0x00006a22       0x1a contiki-sky.a(list.o)
                0x00006a22                list_push
 .text.list_add
                0x00006a3c       0x2a contiki-sky.a(list.o)
                0x00006a3c                list_add
 .text.list_length
                0x00006a66       0x10 contiki-sky.a(list.o)
                0x00006a66                list_length
 .text.list_item_next
                0x00006a76        0xc contiki-sky.a(list.o)
                0x00006a76                list_item_next
 .text.random_init
                0x00006a82        0x6 contiki-sky.a(random.o)
                0x00006a82                random_init
 .text.random_rand
                0x00006a88        0x6 contiki-sky.a(random.o)
                0x00006a88                random_rand
 .text.input    0x00006a8e       0x3a contiki-sky.a(rime.o)
 .text.init     0x00006ac8       0x2e contiki-sky.a(rime.o)
 .text.packet_sent
                0x00006af6       0x44 contiki-sky.a(rime.o)
 .text.rime_output
                0x00006b3a       0x24 contiki-sky.a(rime.o)
                0x00006b3a                rime_output
 .text.adv_packet_sent
                0x00006b5e        0x2 contiki-sky.a(broadcast-annou)
 .text.adv_packet_received
                0x00006b60       0x64 contiki-sky.a(broadcast-annou)
 .text.set_timers
                0x00006bc4       0x4a contiki-sky.a(broadcast-annou)
 .text.send_timer
                0x00006c0e       0x32 contiki-sky.a(broadcast-annou)
 .text.send_adv
                0x00006c40       0x66 contiki-sky.a(broadcast-annou)
 .text.new_announcement
                0x00006ca6       0x18 contiki-sky.a(broadcast-annou)
 .text.broadcast_announcement_init
                0x00006cbe       0x48 contiki-sky.a(broadcast-annou)
                0x00006cbe                broadcast_announcement_init
 .text.announcement_init
                0x00006d06        0xa contiki-sky.a(announcement.o)
                0x00006d06                announcement_init
 .text.announcement_register_observer_callback
                0x00006d10        0x6 contiki-sky.a(announcement.o)
                0x00006d10                announcement_register_observer_callback
 .text.announcement_list
                0x00006d16        0xa contiki-sky.a(announcement.o)
                0x00006d16                announcement_list
 .text.announcement_heard
                0x00006d20       0x42 contiki-sky.a(announcement.o)
                0x00006d20                announcement_heard
 .text.sent_by_stunicast
                0x00006d62       0x5e contiki-sky.a(runicast.o)
 .text.recv_from_stunicast
                0x00006dc0       0x9e contiki-sky.a(runicast.o)
 .text.runicast_open
                0x00006e5e       0x36 contiki-sky.a(runicast.o)
                0x00006e5e                runicast_open
 .text.runicast_close
                0x00006e94        0x6 contiki-sky.a(runicast.o)
                0x00006e94                runicast_close
 .text.runicast_is_transmitting
                0x00006e9a        0x6 contiki-sky.a(runicast.o)
                0x00006e9a                runicast_is_transmitting
 .text.runicast_send
                0x00006ea0       0x48 contiki-sky.a(runicast.o)
                0x00006ea0                runicast_send
 .text.recv_from_uc
                0x00006ee8        0xe contiki-sky.a(stunicast.o)
 .text.sent_by_uc
                0x00006ef6       0x10 contiki-sky.a(stunicast.o)
 .text.send     0x00006f06       0x2a contiki-sky.a(stunicast.o)
 .text.stunicast_open
                0x00006f30       0x1a contiki-sky.a(stunicast.o)
                0x00006f30                stunicast_open
 .text.stunicast_receiver
                0x00006f4a        0x6 contiki-sky.a(stunicast.o)
                0x00006f4a                stunicast_receiver
 .text.stunicast_send_stubborn
                0x00006f50       0x68 contiki-sky.a(stunicast.o)
                0x00006f50                stunicast_send_stubborn
 .text.stunicast_send
                0x00006fb8        0x6 contiki-sky.a(stunicast.o)
                0x00006fb8                stunicast_send
 .text.stunicast_cancel
                0x00006fbe       0x20 contiki-sky.a(stunicast.o)
                0x00006fbe                stunicast_cancel
 .text.stunicast_close
                0x00006fde       0x12 contiki-sky.a(stunicast.o)
                0x00006fde                stunicast_close
 .text.chameleon_init
                0x00006ff0        0x6 contiki-sky.a(chameleon.o)
                0x00006ff0                chameleon_init
 .text.chameleon_parse
                0x00006ff6       0x10 contiki-sky.a(chameleon.o)
                0x00006ff6                chameleon_parse
 .text.chameleon_create
                0x00007006       0x1c contiki-sky.a(chameleon.o)
                0x00007006                chameleon_create
 .text.chameleon_hdrsize
                0x00007022        0x6 contiki-sky.a(chameleon.o)
                0x00007022                chameleon_hdrsize
 .text.channel_init
                0x00007028        0xa contiki-sky.a(channel.o)
                0x00007028                channel_init
 .text.channel_open
                0x00007032       0x10 contiki-sky.a(channel.o)
                0x00007032                channel_open
 .text.channel_close
                0x00007042        0xc contiki-sky.a(channel.o)
                0x00007042                channel_close
 .text.channel_lookup
                0x0000704e       0x20 contiki-sky.a(channel.o)
                0x0000704e                channel_lookup
 .text.channel_set_attributes
                0x0000706e       0x24 contiki-sky.a(channel.o)
                0x0000706e                channel_set_attributes
 .text.sent_by_abc
                0x00007092       0x10 contiki-sky.a(broadcast.o)
 .text.recv_from_abc
                0x000070a2       0x26 contiki-sky.a(broadcast.o)
 .text.broadcast_open
                0x000070c8       0x2a contiki-sky.a(broadcast.o)
                0x000070c8                broadcast_open
 .text.broadcast_close
                0x000070f2        0x6 contiki-sky.a(broadcast.o)
                0x000070f2                broadcast_close
 .text.broadcast_send
                0x000070f8       0x1a contiki-sky.a(broadcast.o)
                0x000070f8                broadcast_send
 .text.sent_by_broadcast
                0x00007112       0x10 contiki-sky.a(unicast.o)
 .text.recv_from_broadcast
                0x00007122       0x2e contiki-sky.a(unicast.o)
 .text.unicast_open
                0x00007150       0x2a contiki-sky.a(unicast.o)
                0x00007150                unicast_open
 .text.unicast_close
                0x0000717a        0x6 contiki-sky.a(unicast.o)
                0x0000717a                unicast_close
 .text.unicast_send
                0x00007180       0x16 contiki-sky.a(unicast.o)
                0x00007180                unicast_send
 .text.abc_open
                0x00007196       0x26 contiki-sky.a(abc.o)
                0x00007196                abc_open
 .text.abc_close
                0x000071bc        0x6 contiki-sky.a(abc.o)
                0x000071bc                abc_close
 .text.abc_send
                0x000071c2        0x6 contiki-sky.a(abc.o)
                0x000071c2                abc_send
 .text.abc_input
                0x000071c8        0xe contiki-sky.a(abc.o)
                0x000071c8                abc_input
 .text.abc_sent
                0x000071d6       0x10 contiki-sky.a(abc.o)
                0x000071d6                abc_sent
 .text.input_packet
                0x000071e6        0x6 contiki-sky.a(csma.o)
 .text.on       0x000071ec        0x6 contiki-sky.a(csma.o)
 .text.off      0x000071f2        0x6 contiki-sky.a(csma.o)
 .text.channel_check_interval
                0x000071f8       0x10 contiki-sky.a(csma.o)
 .text.transmit_packet_list
                0x00007208       0x24 contiki-sky.a(csma.o)
 .text.schedule_transmission
                0x0000722c       0x94 contiki-sky.a(csma.o)
 .text.init     0x000072c0       0x1a contiki-sky.a(csma.o)
 .text.tx_done  0x000072da       0x92 contiki-sky.a(csma.o)
 .text.send_packet
                0x0000736c      0x170 contiki-sky.a(csma.o)
 .text.packet_sent
                0x000074dc       0xd6 contiki-sky.a(csma.o)
 .text.mac_call_sent_callback
                0x000075b2       0x14 contiki-sky.a(mac.o)
                0x000075b2                mac_call_sent_callback
 .text.queuebuf_init
                0x000075c6       0x12 contiki-sky.a(queuebuf.o)
                0x000075c6                queuebuf_init
 .text.queuebuf_new_from_packetbuf
                0x000075d8       0x52 contiki-sky.a(queuebuf.o)
                0x000075d8                queuebuf_new_from_packetbuf
 .text.queuebuf_update_attr_from_packetbuf
                0x0000762a       0x12 contiki-sky.a(queuebuf.o)
                0x0000762a                queuebuf_update_attr_from_packetbuf
 .text.queuebuf_update_from_packetbuf
                0x0000763c       0x22 contiki-sky.a(queuebuf.o)
                0x0000763c                queuebuf_update_from_packetbuf
 .text.queuebuf_free
                0x0000765e       0x2a contiki-sky.a(queuebuf.o)
                0x0000765e                queuebuf_free
 .text.queuebuf_to_packetbuf
                0x00007688       0x32 contiki-sky.a(queuebuf.o)
                0x00007688                queuebuf_to_packetbuf
 .text.queuebuf_attr
                0x000076ba        0xe contiki-sky.a(queuebuf.o)
                0x000076ba                queuebuf_attr
 .text.packetbuf_hdrreduce
                0x000076c8       0x1a contiki-sky.a(packetbuf.o)
                0x000076c8                packetbuf_hdrreduce
 .text.packetbuf_set_datalen
                0x000076e2        0x6 contiki-sky.a(packetbuf.o)
                0x000076e2                packetbuf_set_datalen
 .text.packetbuf_hdrptr
                0x000076e8        0x6 contiki-sky.a(packetbuf.o)
                0x000076e8                packetbuf_hdrptr
 .text.packetbuf_datalen
                0x000076ee        0x6 contiki-sky.a(packetbuf.o)
                0x000076ee                packetbuf_datalen
 .text.packetbuf_hdrlen
                0x000076f4        0xa contiki-sky.a(packetbuf.o)
                0x000076f4                packetbuf_hdrlen
 .text.packetbuf_dataptr
                0x000076fe        0xc contiki-sky.a(packetbuf.o)
                0x000076fe                packetbuf_dataptr
 .text.packetbuf_copyto
                0x0000770a       0x46 contiki-sky.a(packetbuf.o)
                0x0000770a                packetbuf_copyto
 .text.packetbuf_compact
                0x00007750       0x44 contiki-sky.a(packetbuf.o)
                0x00007750                packetbuf_compact
 .text.packetbuf_totlen
                0x00007794        0xc contiki-sky.a(packetbuf.o)
                0x00007794                packetbuf_totlen
 .text.packetbuf_hdralloc
                0x000077a0       0x3c contiki-sky.a(packetbuf.o)
                0x000077a0                packetbuf_hdralloc
 .text.packetbuf_attr_clear
                0x000077dc       0x2c contiki-sky.a(packetbuf.o)
                0x000077dc                packetbuf_attr_clear
 .text.packetbuf_clear
                0x00007808       0x12 contiki-sky.a(packetbuf.o)
                0x00007808                packetbuf_clear
 .text.packetbuf_copyfrom
                0x0000781a       0x2e contiki-sky.a(packetbuf.o)
                0x0000781a                packetbuf_copyfrom
 .text.packetbuf_attr_copyto
                0x00007848       0x20 contiki-sky.a(packetbuf.o)
                0x00007848                packetbuf_attr_copyto
 .text.packetbuf_attr_copyfrom
                0x00007868       0x22 contiki-sky.a(packetbuf.o)
                0x00007868                packetbuf_attr_copyfrom
 .text.packetbuf_holds_broadcast
                0x0000788a        0xe contiki-sky.a(packetbuf.o)
                0x0000788a                packetbuf_holds_broadcast
 .text.linkaddr_copy
                0x00007898        0xc contiki-sky.a(linkaddr.o)
                0x00007898                linkaddr_copy
 .text.linkaddr_cmp
                0x000078a4       0x12 contiki-sky.a(linkaddr.o)
                0x000078a4                linkaddr_cmp
 .text.linkaddr_set_node_addr
                0x000078b6        0xc contiki-sky.a(linkaddr.o)
                0x000078b6                linkaddr_set_node_addr
 .text.duty_cycle
                0x000078c2        0x6 contiki-sky.a(contikimac.o)
 .text.init     0x000078c8       0x2a contiki-sky.a(contikimac.o)
 .text.on       0x000078f2       0x1a contiki-sky.a(contikimac.o)
 .text.off      0x0000790c       0x22 contiki-sky.a(contikimac.o)
 .text.recv_burst_off
                0x0000792e        0xa contiki-sky.a(contikimac.o)
 .text.turn_off
                0x00007938       0x20 contiki-sky.a(contikimac.o)
 .text.turn_on  0x00007958       0x30 contiki-sky.a(contikimac.o)
 .text.schedule_powercycle_fixed.part.4
                0x00007988       0x32 contiki-sky.a(contikimac.o)
 .text.powercycle_turn_radio_off
                0x000079ba       0x30 contiki-sky.a(contikimac.o)
 .text.input_packet
                0x000079ea       0xb6 contiki-sky.a(contikimac.o)
 .text.send_packet.isra.8
                0x00007aa0      0x20c contiki-sky.a(contikimac.o)
 .text.qsend_list
                0x00007cac       0xc6 contiki-sky.a(contikimac.o)
 .text.qsend_packet
                0x00007d72       0x28 contiki-sky.a(contikimac.o)
 .text.powercycle_wrapper
                0x00007d9a      0x1ca contiki-sky.a(contikimac.o)
 .text.hdr_length
                0x00007f64        0x8 contiki-sky.a(contikimac-fram)
 .text.parse    0x00007f6c       0x3a contiki-sky.a(contikimac-fram)
 .text.create   0x00007fa6       0x74 contiki-sky.a(contikimac-fram)
 .text.init     0x0000801a        0x2 contiki-sky.a(nullsec.o)
 .text.send     0x0000801c        0xa contiki-sky.a(nullsec.o)
 .text.input    0x00008026        0x6 contiki-sky.a(nullsec.o)
 .text.crc8_add
                0x0000802c       0x1c contiki-sky.a(sht11.o)
 .text.sstart   0x00008048       0x3e contiki-sky.a(sht11.o)
 .text.swrite   0x00008086       0x62 contiki-sky.a(sht11.o)
 .text.sread    0x000080e8       0x4c contiki-sky.a(sht11.o)
 .text.sreset   0x00008134       0x2a contiki-sky.a(sht11.o)
 .text.scmd.part.0
                0x0000815e       0xb4 contiki-sky.a(sht11.o)
 .text.sht11_init
                0x00008212       0x1a contiki-sky.a(sht11.o)
                0x00008212                sht11_init
 .text.sht11_off
                0x0000822c       0x14 contiki-sky.a(sht11.o)
                0x0000822c                sht11_off
 .text.sht11_temp
                0x00008240        0xa contiki-sky.a(sht11.o)
                0x00008240                sht11_temp
 .text.sht11_humidity
                0x0000824a        0xa contiki-sky.a(sht11.o)
                0x0000824a                sht11_humidity
 .text.sht11_sreg
                0x00008254       0x80 contiki-sky.a(sht11.o)
                0x00008254                sht11_sreg
 .text.spi_init
                0x000082d4       0x30 contiki-sky.a(spi.o)
                0x000082d4                spi_init
 .text.compower_accumulate
                0x00008304       0x72 contiki-sky.a(compower.o)
                0x00008304                compower_accumulate
 .text.compower_clear
                0x00008376       0x12 contiki-sky.a(compower.o)
                0x00008376                compower_clear
 .text.compower_attrconv
                0x00008388       0x10 contiki-sky.a(compower.o)
                0x00008388                compower_attrconv
 .text.memb_init
                0x00008398       0x36 contiki-sky.a(memb.o)
                0x00008398                memb_init
 .text.memb_alloc
                0x000083ce       0x3e contiki-sky.a(memb.o)
                0x000083ce                memb_alloc
 .text.memb_free
                0x0000840c       0x3a contiki-sky.a(memb.o)
                0x0000840c                memb_free
 .text.memb_inmemb
                0x00008446       0x2a contiki-sky.a(memb.o)
                0x00008446                memb_inmemb
 .text.get_bits_in_byte
                0x00008470       0x3a contiki-sky.a(chameleon-bitop)
 .text.header_size
                0x000084aa       0x16 contiki-sky.a(chameleon-bitop)
 .text.get_bits
                0x000084c0       0xa2 contiki-sky.a(chameleon-bitop)
                0x000084c0                get_bits
 .text.unpack_header
                0x00008562       0xd8 contiki-sky.a(chameleon-bitop)
 .text.set_bits
                0x0000863a      0x124 contiki-sky.a(chameleon-bitop)
                0x0000863a                set_bits
 .text.pack_header
                0x0000875e       0xc6 contiki-sky.a(chameleon-bitop)
 .text.mac_sequence_is_duplicate
                0x00008824       0x6e contiki-sky.a(mac-sequence.o)
                0x00008824                mac_sequence_is_duplicate
 .text.mac_sequence_register_seqno
                0x00008892       0x78 contiki-sky.a(mac-sequence.o)
                0x00008892                mac_sequence_register_seqno
 .text.create_frame.isra.0
                0x0000890a      0x114 contiki-sky.a(framer-802154.o)
 .text.create   0x00008a1e        0x8 contiki-sky.a(framer-802154.o)
 .text.hdr_length
                0x00008a26        0x8 contiki-sky.a(framer-802154.o)
 .text.parse    0x00008a2e       0xa8 contiki-sky.a(framer-802154.o)
 .text.frame802154_get_pan_id
                0x00008ad6        0x6 contiki-sky.a(frame802154.o)
                0x00008ad6                frame802154_get_pan_id
 .text.frame802154_has_panid
                0x00008adc       0x78 contiki-sky.a(frame802154.o)
                0x00008adc                frame802154_has_panid
 .text.field_len
                0x00008b54       0xac contiki-sky.a(frame802154.o)
 .text.frame802154_is_broadcast_addr
                0x00008c00       0x28 contiki-sky.a(frame802154.o)
                0x00008c00                frame802154_is_broadcast_addr
 .text.frame802154_hdrlen
                0x00008c28       0x32 contiki-sky.a(frame802154.o)
                0x00008c28                frame802154_hdrlen
 .text.frame802154_create
                0x00008c5a      0x16a contiki-sky.a(frame802154.o)
                0x00008c5a                frame802154_create
 .text.frame802154_parse
                0x00008dc4      0x200 contiki-sky.a(frame802154.o)
                0x00008dc4                frame802154_parse
 .text.libgcc   0x00008fc4       0x2c /usr/local/bin/../lib/gcc/msp430/4.7.2/mmpy-16/libgcc.a(_mulsi3.o)
                0x00008fc4                __mulsi3
 .text.libgcc   0x00008ff0       0x3a /usr/local/bin/../lib/gcc/msp430/4.7.2/mmpy-16/libgcc.a(_divmod16.o)
                0x00008ff0                __ext_divmod16
                0x00008ff0                __divhi3
                0x00009022                __modhi3
 .text.libgcc   0x0000902a       0x40 /usr/local/bin/../lib/gcc/msp430/4.7.2/mmpy-16/libgcc.a(_udivmod32.o)
                0x0000902a                __udivsi3
                0x0000902a                __ext_udivmod32
                0x00009060                __umodsi3
 .text.libgcc   0x0000906a       0x22 /usr/local/bin/../lib/gcc/msp430/4.7.2/mmpy-16/libgcc.a(_udivmod16.o)
                0x0000906a                __udivhi3
                0x0000906a                __ext_udivmod16
                0x00009084                __umodhi3
 .text.printf   0x0000908c       0x10 /usr/local/bin/../lib/gcc/msp430/4.7.2/../../../../msp430/lib/mmpy-16/libc.a(printf.o)
                0x0000908c                printf
 .text.print_field
                0x0000909c      0x194 /usr/local/bin/../lib/gcc/msp430/4.7.2/../../../../msp430/lib/mmpy-16/libc.a(vuprintf.o)
 .text.vuprintf
                0x00009230      0x63e /usr/local/bin/../lib/gcc/msp430/4.7.2/../../../../msp430/lib/mmpy-16/libc.a(vuprintf.o)
                0x00009230                vuprintf
 .text.puts     0x0000986e       0x2c /usr/local/bin/../lib/gcc/msp430/4.7.2/../../../../msp430/lib/mmpy-16/libc.a(puts.o)
                0x0000986e                puts
 .text.rand     0x0000989a       0x26 /usr/local/bin/../lib/gcc/msp430/4.7.2/../../../../msp430/lib/mmpy-16/libc.a(rand.o)
                0x0000989a                rand
 .text.srand    0x000098c0        0xa /usr/local/bin/../lib/gcc/msp430/4.7.2/../../../../msp430/lib/mmpy-16/libc.a(rand.o)
                0x000098c0                srand
 .text.strcmp   0x000098ca       0x1e /usr/local/bin/../lib/gcc/msp430/4.7.2/../../../../msp430/lib/mmpy-16/libc.a(strcmp.o)
                0x000098ca                strcmp
 .text.memcmp   0x000098e8       0x30 /usr/local/bin/../lib/gcc/msp430/4.7.2/../../../../msp430/lib/mmpy-16/libc.a(memcmp.o)
                0x000098e8                memcmp
 .text.memcpy   0x00009918       0xfa /usr/local/bin/../lib/gcc/msp430/4.7.2/../../../../msp430/lib/mmpy-16/libc.a(memcpy.o)
                0x00009918                memcpy
 .text.memset   0x00009a12       0x6a /usr/local/bin/../lib/gcc/msp430/4.7.2/../../../../msp430/lib/mmpy-16/libc.a(memset.o)
                0x00009a12                memset
 .text.libgcc   0x00009a7c       0xf0 /usr/local/bin/../lib/gcc/msp430/4.7.2/mmpy-16/libgcc.a(_udivmod64.o)
                0x00009a7c                __xabi_udivmod64
                0x00009ada                __udivdi3
                0x00009b00                __umoddi3
                0x00009b2e                __udivmoddi4
 .text.crt0     0x00009b6c        0x2 /usr/local/bin/../lib/gcc/msp430/4.7.2/mmpy-16/libcrt0.a(_unexpected_.o)
                0x00009b6c                _unexpected_
 *(.near.text .near.text.*)

.rodata         0x00009b70      0x491
                0x00009b70                . = ALIGN (0x2)
 *(.rodata .rodata.* .gnu.linkonce.r.*)
 .rodata        0x00009b70      0x24a TL1.co
                0x00009dac                autostart_processes
 .rodata        0x00009dba       0xe5 obj_sky/contiki-sky-main.o
 *fill*         0x00009e9f        0x1 00
 .rodata        0x00009ea0        0xe contiki-sky.a(sht11-sensor.o)
                0x00009ea6                sht11_sensor
 .rodata        0x00009eae       0x10 contiki-sky.a(button-sensor.o)
                0x00009eb6                button_sensor
 .rodata        0x00009ebe        0x8 contiki-sky.a(sensors.o)
 *fill*         0x00009ec6        0x2 00
 .rodata.get_value
                0x00009ec8       0x24 contiki-sky.a(cc2420.o)
 .rodata.set_value
                0x00009eec       0x10 contiki-sky.a(cc2420.o)
 .rodata        0x00009efc       0x3e contiki-sky.a(cc2420.o)
                0x00009efc                cc2420_aes_128_driver
                0x00009f00                cc2420_driver
 .rodata        0x00009f3a        0xf contiki-sky.a(ctimer.o)
 .rodata        0x00009f49        0xc contiki-sky.a(etimer.o)
 .rodata        0x00009f55        0xe contiki-sky.a(serial-line.o)
 *fill*         0x00009f63        0x1 00
 .rodata        0x00009f64        0xc contiki-sky.a(rime.o)
                0x00009f6a                rime_driver
 .rodata        0x00009f70        0x4 contiki-sky.a(broadcast-annou)
 .rodata        0x00009f74        0xe contiki-sky.a(runicast.o)
 .rodata        0x00009f82        0x4 contiki-sky.a(stunicast.o)
 .rodata        0x00009f86        0x8 contiki-sky.a(broadcast.o)
 .rodata        0x00009f8e        0xa contiki-sky.a(unicast.o)
 .rodata        0x00009f98        0x2 contiki-sky.a(abc.o)
 .rodata        0x00009f9a       0x14 contiki-sky.a(csma.o)
                0x00009fa0                csma_driver
 .rodata        0x00009fae        0x2 contiki-sky.a(linkaddr.o)
                0x00009fae                linkaddr_null
 .rodata        0x00009fb0       0x1c contiki-sky.a(contikimac.o)
                0x00009fbc                contikimac_driver
 .rodata        0x00009fcc        0x6 contiki-sky.a(contikimac-fram)
                0x00009fcc                contikimac_framer
 .rodata        0x00009fd2       0x10 contiki-sky.a(nullsec.o)
                0x00009fda                nullsec_driver
 .rodata        0x00009fe2       0x10 contiki-sky.a(chameleon-bitop)
                0x00009fe2                chameleon_bitopt
 .rodata        0x00009ff2        0x6 contiki-sky.a(framer-802154.o)
                0x00009ff2                framer_802154
 .rodata        0x00009ff8        0x2 contiki-sky.a(frame802154.o)
 .rodata.vuprintf
                0x00009ffa        0x7 /usr/local/bin/../lib/gcc/msp430/4.7.2/../../../../msp430/lib/mmpy-16/libc.a(vuprintf.o)
 *(.near.rodata .near.rodata.*)
                0x0000a002                . = ALIGN (0x2)
                0x0000a002                _etext = .

.data           0x00001100       0x7c load address 0x0000a002
                0x00001100                . = ALIGN (0x2)
                0x00001100                __data_start = .
 *(.data .data.* .gnu.linkonce.d.*)
 .data          0x00001100       0x12 TL1.co
                0x00001100                sem_TL1
                0x0000110a                TL2_ADDR
                0x0000110c                TL1_ADDR
                0x0000110e                G2_ADDR
                0x00001110                G1_ADDR
 .data          0x00001112        0x4 contiki-sky.a(contiki-sky-pla)
                0x00001112                sensors
 .data          0x00001116        0x1 contiki-sky.a(sht11-sensor.o)
 *fill*         0x00001117        0x1 00
 .data          0x00001118        0xa contiki-sky.a(sensors.o)
                0x00001118                sensors_process
 .data          0x00001122        0xc contiki-sky.a(cc2420.o)
                0x00001122                cc2420_process
 .data          0x0000112e        0x2 contiki-sky.a(msp430.o)
 .data          0x00001130        0xa contiki-sky.a(ctimer.o)
                0x00001130                ctimer_process
 .data          0x0000113a        0xa contiki-sky.a(etimer.o)
                0x0000113a                etimer_process
 .data          0x00001144        0xa contiki-sky.a(serial-line.o)
                0x00001144                serial_line_process
 .data          0x0000114e       0x18 contiki-sky.a(csma.o)
 .data          0x00001166       0x10 contiki-sky.a(queuebuf.o)
 .data          0x00001176        0x2 contiki-sky.a(frame802154.o)
 .data.next     0x00001178        0x4 /usr/local/bin/../lib/gcc/msp430/4.7.2/../../../../msp430/lib/mmpy-16/libc.a(rand.o)
 *(.near.data .near.data.*)
                0x0000117c                . = ALIGN (0x2)
                0x0000117c                _edata = .
                0x0000a002                __data_load_start = LOADADDR (.data)
                0x0000007c                __data_size = SIZEOF (.data)

.bss            0x0000117c     0x1222 load address 0x0000a07e
                0x0000117c                __bss_start = .
 *(.bss .bss.*)
 .bss           0x0000117c       0x64 TL1.co
 .bss           0x000011e0        0xc obj_sky/contiki-sky-main.o
 .bss           0x000011ec        0x8 contiki-sky.a(button-sensor.o)
 .bss           0x000011f4        0x2 contiki-sky.a(node-id.o)
                0x000011f4                node_id
 .bss           0x000011f6        0x6 contiki-sky.a(sensors.o)
 .bss           0x000011fc        0xa contiki-sky.a(cc2420.o)
 .bss           0x00001206       0x9a contiki-sky.a(uart1.o)
 .bss           0x000012a0        0xa contiki-sky.a(clock.o)
 .bss           0x000012aa        0x1 contiki-sky.a(leds.o)
 *fill*         0x000012ab        0x1 00
 .bss           0x000012ac        0x2 contiki-sky.a(watchdog.o)
 .bss           0x000012ae        0x4 contiki-sky.a(ctimer.o)
 .bss           0x000012b2        0x6 contiki-sky.a(etimer.o)
 .bss           0x000012b8       0x38 contiki-sky.a(process.o)
                0x000012b8                process_current
                0x000012ba                process_list
 .bss           0x000012f0        0x2 contiki-sky.a(rtimer.o)
 .bss           0x000012f2      0x10a contiki-sky.a(serial-line.o)
 .bss           0x000013fc        0x2 contiki-sky.a(rime.o)
 .bss           0x000013fe       0x46 contiki-sky.a(broadcast-annou)
 .bss           0x00001444        0x6 contiki-sky.a(announcement.o)
 .bss           0x0000144a        0x2 contiki-sky.a(channel.o)
 .bss           0x0000144c      0x124 contiki-sky.a(csma.o)
 .bss           0x00001570      0xc20 contiki-sky.a(queuebuf.o)
 .bss           0x00002190       0x86 contiki-sky.a(packetbuf.o)
 .bss           0x00002216       0x32 contiki-sky.a(contikimac.o)
 .bss           0x00002248        0x8 contiki-sky.a(compower.o)
 .bss           0x00002250       0x80 contiki-sky.a(mac-sequence.o)
 .bss           0x000022d0        0x2 contiki-sky.a(framer-802154.o)
 *(.near.bss .near.bss.*)
 *(COMMON)
 COMMON         0x000022d2       0x10 TL1.co
                0x000022d2                cross_queue_SECOND
                0x000022d8                battery_level
                0x000022da                crossing
                0x000022dc                cross_queue_MAIN
 COMMON         0x000022e2        0x2 contiki-sky.a(contiki-sky-pla)
                0x000022e2                sensors_flags
 COMMON         0x000022e4        0x8 contiki-sky.a(ds2411.o)
                0x000022e4                ds2411_id
 COMMON         0x000022ec        0x1 contiki-sky.a(sensors.o)
                0x000022ec                sensors_event
 *fill*         0x000022ed        0x1 00
 COMMON         0x000022ee       0x10 contiki-sky.a(cc2420.o)
                0x000022ee                cc2420_last_rssi
                0x000022f0                cc2420_sfd_start_time
                0x000022f2                cc2420_time_of_departure
                0x000022f4                cc2420_time_of_arrival
                0x000022f6                cc2420_last_correlation
                0x000022f8                cc2420_authority_level_of_sender
                0x000022fa                cc2420_sfd_counter
                0x000022fc                cc2420_sfd_end_time
 COMMON         0x000022fe        0x2 contiki-sky.a(msp430.o)
                0x000022fe                msp430_dco_required
 COMMON         0x00002300       0x56 contiki-sky.a(energest.o)
                0x00002300                energest_total_time
                0x00002330                energest_total_count
                0x00002332                energest_current_mode
                0x0000233e                energest_current_time
 COMMON         0x00002356        0x1 contiki-sky.a(process.o)
                0x00002356                process_maxevents
 COMMON         0x00002357        0x1 contiki-sky.a(serial-line.o)
                0x00002357                serial_line_event_message
 COMMON         0x00002358       0x3c contiki-sky.a(packetbuf.o)
                0x00002358                packetbuf_addrs
                0x00002360                packetbuf_attrs
 COMMON         0x00002394        0x2 contiki-sky.a(linkaddr.o)
                0x00002394                linkaddr_node_addr
 COMMON         0x00002396        0x8 contiki-sky.a(compower.o)
                0x00002396                compower_idle_activity
                0x0000239e                . = ALIGN (0x2)
                0x0000239e                __bss_end = .
                0x00001222                __bss_size = SIZEOF (.bss)

.noinit         0x0000239e        0x2 load address 0x0000a07e
                0x0000239e                . = ALIGN (0x2)
                0x0000239e                __noinit_start = .
 *(.noinit .noinit.*)
 .noinit.crt0   0x0000239e        0x2 /usr/local/bin/../lib/gcc/msp430/4.7.2/mmpy-16/libcrt0.a(__watchdog_support.o)
                0x0000239e                __wdt_clear_value
                0x000023a0                . = ALIGN (0x2)
                0x000023a0                __noinit_end = .
                0x000023a0                . = ALIGN (0x2)
                0x000023a0                _end = .

.infomem        0x00001000        0x0
                0x00001000                . = ALIGN (0x2)
 *(.infomem .infomem.*)

.infomemnobits  0x00001000        0x0
                0x00001000                . = ALIGN (0x2)
 *(.infomemnobits .infomemnobits.*)

.infoa          0x00001080        0x0
                0x00001080                . = ALIGN (0x2)
 *(.infoa .infoa.*)

.infob          0x00001000        0x0
                0x00001000                . = ALIGN (0x2)
 *(.infob .infob.*)

.infoc          0x00000000        0x0
                0x00000000                . = ALIGN (0x2)
 *(.infoc .infoc.*)

.infod          0x00000000        0x0
                0x00000000                . = ALIGN (0x2)
 *(.infod .infod.*)
                0x0000ffff                PROVIDE (__vte_0, 0xffff)
                0x0000ffff                PROVIDE (__vte_1, 0xffff)
                0x0000ffff                PROVIDE (__vte_2, 0xffff)
                0x0000ffff                PROVIDE (__vte_3, 0xffff)
                0x0000ffff                PROVIDE (__vte_4, 0xffff)
                0x0000ffff                PROVIDE (__vte_5, 0xffff)
                0x0000ffff                PROVIDE (__vte_6, 0xffff)
                0x0000ffff                PROVIDE (__vte_7, 0xffff)
                0x0000ffff                PROVIDE (__vte_8, 0xffff)
                0x0000ffff                PROVIDE (__vte_9, 0xffff)
                0x0000ffff                PROVIDE (__vte_10, 0xffff)
                0x0000ffff                PROVIDE (__vte_11, 0xffff)
                0x0000ffff                PROVIDE (__vte_12, 0xffff)
                0x0000ffff                PROVIDE (__vte_13, 0xffff)
                0x0000ffff                PROVIDE (__vte_14, 0xffff)
                0x0000ffff                PROVIDE (__vte_15, 0xffff)
                0x0000ffff                PROVIDE (__vte_16, 0xffff)
                0x0000ffff                PROVIDE (__vte_17, 0xffff)
                0x0000ffff                PROVIDE (__vte_18, 0xffff)
                0x0000ffff                PROVIDE (__vte_19, 0xffff)
                0x0000ffff                PROVIDE (__vte_20, 0xffff)
                0x0000ffff                PROVIDE (__vte_21, 0xffff)
                0x0000ffff                PROVIDE (__vte_22, 0xffff)
                0x0000ffff                PROVIDE (__vte_23, 0xffff)
                0x0000ffff                PROVIDE (__vte_24, 0xffff)
                0x0000ffff                PROVIDE (__vte_25, 0xffff)
                0x0000ffff                PROVIDE (__vte_26, 0xffff)
                0x0000ffff                PROVIDE (__vte_27, 0xffff)
                0x0000ffff                PROVIDE (__vte_28, 0xffff)
                0x0000ffff                PROVIDE (__vte_29, 0xffff)
                0x0000ffff                PROVIDE (__vte_30, 0xffff)
                0x0000ffff                PROVIDE (__vte_31, 0xffff)

.vectors        0x0000ffe0       0x20
                0x0000ffe0                __vectors_start = .
 *(.vectors*)
 .vectors       0x0000ffe0       0x20 /usr/local/bin/../lib/gcc/msp430/4.7.2/mmpy-16/crt0ivtbl16.o
                0x0000ffe0                __ivtbl_16
                0x00010000                _vectors_end = .

.fartext        0x00000000        0x0
                0x00000000                . = ALIGN (0x2)
 *(.fartext .fartext.*)

.far.text       0x00000000        0x0
                0x00000000                . = ALIGN (0x2)
 *(.far.text .far.text.*)

.far.rodata     0x00000000        0x0
                0x00000000                . = ALIGN (0x2)
 *(.far.rodata .far.rodata.*)
                0x00000000                . = ALIGN (0x2)
                0x00000000                _efartext = .

.far.data       0x00000000        0x0
                0x00000000                . = ALIGN (0x2)
                0x00000000                __far_data_start = .
 *(.far.data .far.data.*)
                0x00000000                . = ALIGN (0x2)
                0x00000000                _efardata = .
                0x00000000                __far_data_load_start = LOADADDR (.far.data)
                0x00000000                __far_data_size = SIZEOF (.far.data)

.far.bss        0x00000000        0x0
                0x00000000                . = ALIGN (0x2)
                0x00000000                __far_bss_start = .
 *(.far.bss .far.bss.*)
                0x00000000                . = ALIGN (0x2)
                0x00000000                __far_bss_end = .
                0x00000000                __far_bss_size = SIZEOF (.far.bss)
                0x00000000                . = ALIGN (0x2)
                0x00000000                _far_end = .

.profiler
 *(.profiler)

.stab           0x00000000    0x1c50c
 *(.stab)
 .stab          0x00000000     0x1bc0 TL1.co
 .stab          0x00001bc0      0xeac obj_sky/contiki-sky-main.o
                               0x17a0 (size before relaxing)
 .stab          0x00002a6c      0x288 contiki-sky.a(contiki-sky-pla)
                                0x5ac (size before relaxing)
 .stab          0x00002cf4      0x414 contiki-sky.a(sht11-sensor.o)
                                0x948 (size before relaxing)
 .stab          0x00003108      0x468 contiki-sky.a(button-sensor.o)
                                0x7d4 (size before relaxing)
 .stab          0x00003570      0x624 contiki-sky.a(ds2411.o)
                                0xb34 (size before relaxing)
 .stab          0x00003b94      0xb4c contiki-sky.a(xmem.o)
                                0xf00 (size before relaxing)
 .stab          0x000046e0      0x2b8 contiki-sky.a(node-id.o)
                                0x4e0 (size before relaxing)
 .stab          0x00004998      0x684 contiki-sky.a(sensors.o)
                                0xbb8 (size before relaxing)
 .stab          0x0000501c     0x2898 contiki-sky.a(cc2420.o)
                               0x2fc4 (size before relaxing)
 .stab          0x000078b4      0xa5c contiki-sky.a(cc2420-arch.o)
                               0x13ec (size before relaxing)
 .stab          0x00008310      0x600 contiki-sky.a(uart1.o)
                                0x954 (size before relaxing)
 .stab          0x00008910      0x234 contiki-sky.a(uart1-putchar.o)
                                0x588 (size before relaxing)
 .stab          0x00008b44      0x72c contiki-sky.a(msp430.o)
                                0xa80 (size before relaxing)
 .stab          0x00009270      0x930 contiki-sky.a(clock.o)
                                0xc84 (size before relaxing)
 .stab          0x00009ba0      0x5a0 contiki-sky.a(leds.o)
                                0x7ec (size before relaxing)
 .stab          0x0000a140      0x378 contiki-sky.a(leds-arch.o)
                                0x6cc (size before relaxing)
 .stab          0x0000a4b8      0x3cc contiki-sky.a(watchdog.o)
                                0x720 (size before relaxing)
 .stab          0x0000a884      0x3b4 contiki-sky.a(rtimer-arch.o)
                                0x708 (size before relaxing)
 .stab          0x0000ac38      0x294 contiki-sky.a(autostart.o)
                                0x534 (size before relaxing)
 .stab          0x0000aecc      0x834 contiki-sky.a(ctimer.o)
                                0xba0 (size before relaxing)
 .stab          0x0000b700      0x474 contiki-sky.a(energest.o)
                                0x6fc (size before relaxing)
 .stab          0x0000bb74      0xa80 contiki-sky.a(etimer.o)
                                0xd50 (size before relaxing)
 .stab          0x0000c5f4      0xb94 contiki-sky.a(process.o)
                               0x102c (size before relaxing)
 .stab          0x0000d188      0x3cc contiki-sky.a(rtimer.o)
                                0x6b4 (size before relaxing)
 .stab          0x0000d554      0x348 contiki-sky.a(timer.o)
                                0x588 (size before relaxing)
 .stab          0x0000d89c      0x51c contiki-sky.a(serial-line.o)
                                0xa38 (size before relaxing)
 .stab          0x0000ddb8      0x3f0 contiki-sky.a(ringbuf.o)
                                0x630 (size before relaxing)
 .stab          0x0000e1a8      0x7bc contiki-sky.a(list.o)
                                0x7c8 (size before relaxing)
 .stab          0x0000e964      0x21c contiki-sky.a(random.o)
                                0x618 (size before relaxing)
 .stab          0x0000eb80      0xba0 contiki-sky.a(rime.o)
                               0x13ec (size before relaxing)
 .stab          0x0000f720      0x948 contiki-sky.a(broadcast-annou)
                               0x15c0 (size before relaxing)
 .stab          0x00010068      0x6b4 contiki-sky.a(announcement.o)
                                0x954 (size before relaxing)
 .stab          0x0001071c      0x8e8 contiki-sky.a(runicast.o)
                               0x156c (size before relaxing)
 .stab          0x00011004      0x87c contiki-sky.a(stunicast.o)
                               0x1500 (size before relaxing)
 .stab          0x00011880      0x5dc contiki-sky.a(chameleon.o)
                               0x1230 (size before relaxing)
 .stab          0x00011e5c      0x600 contiki-sky.a(channel.o)
                               0x1278 (size before relaxing)
 .stab          0x0001245c      0x6cc contiki-sky.a(broadcast.o)
                               0x14f4 (size before relaxing)
 .stab          0x00012b28      0x618 contiki-sky.a(unicast.o)
                               0x1290 (size before relaxing)
 .stab          0x00013140      0x660 contiki-sky.a(abc.o)
                               0x1488 (size before relaxing)
 .stab          0x000137a0      0xcd8 contiki-sky.a(csma.o)
                               0x1668 (size before relaxing)
 .stab          0x00014478      0x1f8 contiki-sky.a(mac.o)
                                0x4ec (size before relaxing)
 .stab          0x00014670      0xa38 contiki-sky.a(queuebuf.o)
                               0x1860 (size before relaxing)
 .stab          0x000150a8      0xc48 contiki-sky.a(packetbuf.o)
                               0x1a88 (size before relaxing)
 .stab          0x00015cf0      0x2ac contiki-sky.a(linkaddr.o)
                                0x6a8 (size before relaxing)
 .stab          0x00015f9c     0x1770 contiki-sky.a(contikimac.o)
                               0x2334 (size before relaxing)
 .stab          0x0001770c      0x810 contiki-sky.a(contikimac-fram)
                                0xe4c (size before relaxing)
 .stab          0x00017f1c      0x39c contiki-sky.a(nullsec.o)
                                0xccc (size before relaxing)
 .stab          0x000182b8      0xbb8 contiki-sky.a(sht11.o)
                               0x10e0 (size before relaxing)
 .stab          0x00018e70      0x1f8 contiki-sky.a(spi.o)
                                0x420 (size before relaxing)
 .stab          0x00019068      0x4ec contiki-sky.a(compower.o)
                                0xcf0 (size before relaxing)
 .stab          0x00019554      0x5c4 contiki-sky.a(memb.o)
                                0xaf8 (size before relaxing)
 .stab          0x00019b18      0xd44 contiki-sky.a(chameleon-bitop)
                               0x19bc (size before relaxing)
 .stab          0x0001a85c      0x63c contiki-sky.a(mac-sequence.o)
                               0x147c (size before relaxing)
 .stab          0x0001ae98      0x6d8 contiki-sky.a(framer-802154.o)
                                0xf18 (size before relaxing)
 .stab          0x0001b570      0xf9c contiki-sky.a(frame802154.o)
                               0x1788 (size before relaxing)

.stabstr        0x00000000    0x164a1
 *(.stabstr)
 .stabstr       0x00000000    0x164a1 TL1.co

.stab.excl
 *(.stab.excl)

.stab.exclstr
 *(.stab.exclstr)

.stab.index
 *(.stab.index)

.stab.indexstr
 *(.stab.indexstr)

.comment        0x00000000       0x30
 *(.comment)
 .comment       0x00000000       0x30 TL1.co
                                 0x31 (size before relaxing)
 .comment       0x00000000       0x31 obj_sky/contiki-sky-main.o
 .comment       0x00000000       0x31 contiki-sky.a(contiki-sky-pla)
 .comment       0x00000000       0x31 contiki-sky.a(sht11-sensor.o)
 .comment       0x00000000       0x31 contiki-sky.a(button-sensor.o)
 .comment       0x00000000       0x31 contiki-sky.a(ds2411.o)
 .comment       0x00000000       0x31 contiki-sky.a(xmem.o)
 .comment       0x00000000       0x31 contiki-sky.a(node-id.o)
 .comment       0x00000000       0x31 contiki-sky.a(sensors.o)
 .comment       0x00000000       0x31 contiki-sky.a(cc2420.o)
 .comment       0x00000000       0x31 contiki-sky.a(cc2420-arch.o)
 .comment       0x00000000       0x31 contiki-sky.a(uart1.o)
 .comment       0x00000000       0x31 contiki-sky.a(uart1-putchar.o)
 .comment       0x00000000       0x31 contiki-sky.a(msp430.o)
 .comment       0x00000000       0x31 contiki-sky.a(clock.o)
 .comment       0x00000000       0x31 contiki-sky.a(leds.o)
 .comment       0x00000000       0x31 contiki-sky.a(leds-arch.o)
 .comment       0x00000000       0x31 contiki-sky.a(watchdog.o)
 .comment       0x00000000       0x31 contiki-sky.a(rtimer-arch.o)
 .comment       0x00000000       0x31 contiki-sky.a(autostart.o)
 .comment       0x00000000       0x31 contiki-sky.a(ctimer.o)
 .comment       0x00000000       0x31 contiki-sky.a(energest.o)
 .comment       0x00000000       0x31 contiki-sky.a(etimer.o)
 .comment       0x00000000       0x31 contiki-sky.a(process.o)
 .comment       0x00000000       0x31 contiki-sky.a(rtimer.o)
 .comment       0x00000000       0x31 contiki-sky.a(timer.o)
 .comment       0x00000000       0x31 contiki-sky.a(serial-line.o)
 .comment       0x00000000       0x31 contiki-sky.a(ringbuf.o)
 .comment       0x00000000       0x31 contiki-sky.a(list.o)
 .comment       0x00000000       0x31 contiki-sky.a(random.o)
 .comment       0x00000000       0x31 contiki-sky.a(rime.o)
 .comment       0x00000000       0x31 contiki-sky.a(broadcast-annou)
 .comment       0x00000000       0x31 contiki-sky.a(announcement.o)
 .comment       0x00000000       0x31 contiki-sky.a(runicast.o)
 .comment       0x00000000       0x31 contiki-sky.a(stunicast.o)
 .comment       0x00000000       0x31 contiki-sky.a(chameleon.o)
 .comment       0x00000000       0x31 contiki-sky.a(channel.o)
 .comment       0x00000000       0x31 contiki-sky.a(broadcast.o)
 .comment       0x00000000       0x31 contiki-sky.a(unicast.o)
 .comment       0x00000000       0x31 contiki-sky.a(abc.o)
 .comment       0x00000000       0x31 contiki-sky.a(csma.o)
 .comment       0x00000000       0x31 contiki-sky.a(mac.o)
 .comment       0x00000000       0x31 contiki-sky.a(queuebuf.o)
 .comment       0x00000000       0x31 contiki-sky.a(packetbuf.o)
 .comment       0x00000000       0x31 contiki-sky.a(linkaddr.o)
 .comment       0x00000000       0x31 contiki-sky.a(contikimac.o)
 .comment       0x00000000       0x31 contiki-sky.a(contikimac-fram)
 .comment       0x00000000       0x31 contiki-sky.a(nullsec.o)
 .comment       0x00000000       0x31 contiki-sky.a(sht11.o)
 .comment       0x00000000       0x31 contiki-sky.a(spi.o)
 .comment       0x00000000       0x31 contiki-sky.a(compower.o)
 .comment       0x00000000       0x31 contiki-sky.a(memb.o)
 .comment       0x00000000       0x31 contiki-sky.a(chameleon-bitop)
 .comment       0x00000000       0x31 contiki-sky.a(mac-sequence.o)
 .comment       0x00000000       0x31 contiki-sky.a(framer-802154.o)
 .comment       0x00000000       0x31 contiki-sky.a(frame802154.o)
 .comment       0x00000000       0x31 /usr/local/bin/../lib/gcc/msp430/4.7.2/../../../../msp430/lib/mmpy-16/libc.a(printf.o)
 .comment       0x00000000       0x31 /usr/local/bin/../lib/gcc/msp430/4.7.2/../../../../msp430/lib/mmpy-16/libc.a(vuprintf.o)
 .comment       0x00000000       0x31 /usr/local/bin/../lib/gcc/msp430/4.7.2/../../../../msp430/lib/mmpy-16/libc.a(puts.o)
 .comment       0x00000000       0x31 /usr/local/bin/../lib/gcc/msp430/4.7.2/../../../../msp430/lib/mmpy-16/libc.a(rand.o)
 .comment       0x00000000       0x31 /usr/local/bin/../lib/gcc/msp430/4.7.2/../../../../msp430/lib/mmpy-16/libc.a(strcmp.o)
 .comment       0x00000000       0x31 /usr/local/bin/../lib/gcc/msp430/4.7.2/../../../../msp430/lib/mmpy-16/libc.a(memcmp.o)
 .comment       0x00000000       0x31 /usr/local/bin/../lib/gcc/msp430/4.7.2/../../../../msp430/lib/mmpy-16/libc.a(memcpy.o)
 .comment       0x00000000       0x31 /usr/local/bin/../lib/gcc/msp430/4.7.2/../../../../msp430/lib/mmpy-16/libc.a(memset.o)

.debug
 *(.debug)

.line
 *(.line)

.debug_srcinfo
 *(.debug_srcinfo)

.debug_sfnames
 *(.debug_sfnames)

.debug_aranges  0x00000000      0x1a0
 *(.debug_aranges)
 .debug_aranges
                0x00000000       0x14 /usr/local/bin/../lib/gcc/msp430/4.7.2/mmpy-16/crt0ivtbl16.o
 .debug_aranges
                0x00000014       0x14 /usr/local/bin/../lib/gcc/msp430/4.7.2/mmpy-16/libgcc.a(_mulsi3.o)
 .debug_aranges
                0x00000028       0x14 /usr/local/bin/../lib/gcc/msp430/4.7.2/mmpy-16/libgcc.a(_divmod16.o)
 .debug_aranges
                0x0000003c       0x14 /usr/local/bin/../lib/gcc/msp430/4.7.2/mmpy-16/libgcc.a(_udivmod32.o)
 .debug_aranges
                0x00000050       0x14 /usr/local/bin/../lib/gcc/msp430/4.7.2/mmpy-16/libgcc.a(_udivmod16.o)
 .debug_aranges
                0x00000064       0x18 /usr/local/bin/../lib/gcc/msp430/4.7.2/../../../../msp430/lib/mmpy-16/libc.a(printf.o)
 .debug_aranges
                0x0000007c       0x18 /usr/local/bin/../lib/gcc/msp430/4.7.2/../../../../msp430/lib/mmpy-16/libc.a(vuprintf.o)
 .debug_aranges
                0x00000094       0x14 /usr/local/bin/../lib/gcc/msp430/4.7.2/../../../../msp430/lib/mmpy-16/libc.a(puts.o)
 .debug_aranges
                0x000000a8       0x1c /usr/local/bin/../lib/gcc/msp430/4.7.2/../../../../msp430/lib/mmpy-16/libc.a(rand.o)
 .debug_aranges
                0x000000c4       0x14 /usr/local/bin/../lib/gcc/msp430/4.7.2/../../../../msp430/lib/mmpy-16/libc.a(strcmp.o)
 .debug_aranges
                0x000000d8       0x14 /usr/local/bin/../lib/gcc/msp430/4.7.2/../../../../msp430/lib/mmpy-16/libc.a(memcmp.o)
 .debug_aranges
                0x000000ec       0x14 /usr/local/bin/../lib/gcc/msp430/4.7.2/../../../../msp430/lib/mmpy-16/libc.a(memcpy.o)
 .debug_aranges
                0x00000100       0x14 /usr/local/bin/../lib/gcc/msp430/4.7.2/../../../../msp430/lib/mmpy-16/libc.a(memset.o)
 .debug_aranges
                0x00000114       0x14 /usr/local/bin/../lib/gcc/msp430/4.7.2/mmpy-16/libgcc.a(_udivmod64.o)
 .debug_aranges
                0x00000128       0x14 /usr/local/bin/../lib/gcc/msp430/4.7.2/mmpy-16/libcrt0.a(__watchdog_support.o)
 .debug_aranges
                0x0000013c       0x14 /usr/local/bin/../lib/gcc/msp430/4.7.2/mmpy-16/libcrt0.a(__init_stack.o)
 .debug_aranges
                0x00000150       0x14 /usr/local/bin/../lib/gcc/msp430/4.7.2/mmpy-16/libcrt0.a(_copy_data.o)
 .debug_aranges
                0x00000164       0x14 /usr/local/bin/../lib/gcc/msp430/4.7.2/mmpy-16/libcrt0.a(_clear_bss.o)
 .debug_aranges
                0x00000178       0x14 /usr/local/bin/../lib/gcc/msp430/4.7.2/mmpy-16/libcrt0.a(_endless_loop__.o)
 .debug_aranges
                0x0000018c       0x14 /usr/local/bin/../lib/gcc/msp430/4.7.2/mmpy-16/libcrt0.a(_unexpected_.o)

.debug_pubnames
 *(.debug_pubnames)

.debug_info     0x00000000     0x13a7
 *(.debug_info)
 .debug_info    0x00000000       0x8f /usr/local/bin/../lib/gcc/msp430/4.7.2/mmpy-16/crt0ivtbl16.o
 .debug_info    0x0000008f       0x8c /usr/local/bin/../lib/gcc/msp430/4.7.2/mmpy-16/libgcc.a(_mulsi3.o)
 .debug_info    0x0000011b       0x8c /usr/local/bin/../lib/gcc/msp430/4.7.2/mmpy-16/libgcc.a(_divmod16.o)
 .debug_info    0x000001a7       0x8c /usr/local/bin/../lib/gcc/msp430/4.7.2/mmpy-16/libgcc.a(_udivmod32.o)
 .debug_info    0x00000233       0x8c /usr/local/bin/../lib/gcc/msp430/4.7.2/mmpy-16/libgcc.a(_udivmod16.o)
 .debug_info    0x000002bf      0x16e /usr/local/bin/../lib/gcc/msp430/4.7.2/../../../../msp430/lib/mmpy-16/libc.a(printf.o)
 .debug_info    0x0000042d      0x5d4 /usr/local/bin/../lib/gcc/msp430/4.7.2/../../../../msp430/lib/mmpy-16/libc.a(vuprintf.o)
 .debug_info    0x00000a01       0xc7 /usr/local/bin/../lib/gcc/msp430/4.7.2/../../../../msp430/lib/mmpy-16/libc.a(puts.o)
 .debug_info    0x00000ac8      0x146 /usr/local/bin/../lib/gcc/msp430/4.7.2/../../../../msp430/lib/mmpy-16/libc.a(rand.o)
 .debug_info    0x00000c0e       0xa9 /usr/local/bin/../lib/gcc/msp430/4.7.2/../../../../msp430/lib/mmpy-16/libc.a(strcmp.o)
 .debug_info    0x00000cb7       0xe5 /usr/local/bin/../lib/gcc/msp430/4.7.2/../../../../msp430/lib/mmpy-16/libc.a(memcmp.o)
 .debug_info    0x00000d9c      0x12c /usr/local/bin/../lib/gcc/msp430/4.7.2/../../../../msp430/lib/mmpy-16/libc.a(memcpy.o)
 .debug_info    0x00000ec8      0x117 /usr/local/bin/../lib/gcc/msp430/4.7.2/../../../../msp430/lib/mmpy-16/libc.a(memset.o)
 .debug_info    0x00000fdf       0x8c /usr/local/bin/../lib/gcc/msp430/4.7.2/mmpy-16/libgcc.a(_udivmod64.o)
 .debug_info    0x0000106b       0x8a /usr/local/bin/../lib/gcc/msp430/4.7.2/mmpy-16/libcrt0.a(__watchdog_support.o)
 .debug_info    0x000010f5       0x8a /usr/local/bin/../lib/gcc/msp430/4.7.2/mmpy-16/libcrt0.a(__init_stack.o)
 .debug_info    0x0000117f       0x8a /usr/local/bin/../lib/gcc/msp430/4.7.2/mmpy-16/libcrt0.a(_copy_data.o)
 .debug_info    0x00001209       0x8a /usr/local/bin/../lib/gcc/msp430/4.7.2/mmpy-16/libcrt0.a(_clear_bss.o)
 .debug_info    0x00001293       0x8a /usr/local/bin/../lib/gcc/msp430/4.7.2/mmpy-16/libcrt0.a(_endless_loop__.o)
 .debug_info    0x0000131d       0x8a /usr/local/bin/../lib/gcc/msp430/4.7.2/mmpy-16/libcrt0.a(_unexpected_.o)
 *(.gnu.linkonce.wi.*)

.debug_abbrev   0x00000000      0x815
 *(.debug_abbrev)
 .debug_abbrev  0x00000000       0x14 /usr/local/bin/../lib/gcc/msp430/4.7.2/mmpy-16/crt0ivtbl16.o
 .debug_abbrev  0x00000014       0x14 /usr/local/bin/../lib/gcc/msp430/4.7.2/mmpy-16/libgcc.a(_mulsi3.o)
 .debug_abbrev  0x00000028       0x14 /usr/local/bin/../lib/gcc/msp430/4.7.2/mmpy-16/libgcc.a(_divmod16.o)
 .debug_abbrev  0x0000003c       0x14 /usr/local/bin/../lib/gcc/msp430/4.7.2/mmpy-16/libgcc.a(_udivmod32.o)
 .debug_abbrev  0x00000050       0x14 /usr/local/bin/../lib/gcc/msp430/4.7.2/mmpy-16/libgcc.a(_udivmod16.o)
 .debug_abbrev  0x00000064       0xfa /usr/local/bin/../lib/gcc/msp430/4.7.2/../../../../msp430/lib/mmpy-16/libc.a(printf.o)
 .debug_abbrev  0x0000015e      0x23e /usr/local/bin/../lib/gcc/msp430/4.7.2/../../../../msp430/lib/mmpy-16/libc.a(vuprintf.o)
 .debug_abbrev  0x0000039c       0xa3 /usr/local/bin/../lib/gcc/msp430/4.7.2/../../../../msp430/lib/mmpy-16/libc.a(puts.o)
 .debug_abbrev  0x0000043f       0xfb /usr/local/bin/../lib/gcc/msp430/4.7.2/../../../../msp430/lib/mmpy-16/libc.a(rand.o)
 .debug_abbrev  0x0000053a       0x65 /usr/local/bin/../lib/gcc/msp430/4.7.2/../../../../msp430/lib/mmpy-16/libc.a(strcmp.o)
 .debug_abbrev  0x0000059f       0x9e /usr/local/bin/../lib/gcc/msp430/4.7.2/../../../../msp430/lib/mmpy-16/libc.a(memcmp.o)
 .debug_abbrev  0x0000063d       0xab /usr/local/bin/../lib/gcc/msp430/4.7.2/../../../../msp430/lib/mmpy-16/libc.a(memcpy.o)
 .debug_abbrev  0x000006e8       0xa1 /usr/local/bin/../lib/gcc/msp430/4.7.2/../../../../msp430/lib/mmpy-16/libc.a(memset.o)
 .debug_abbrev  0x00000789       0x14 /usr/local/bin/../lib/gcc/msp430/4.7.2/mmpy-16/libgcc.a(_udivmod64.o)
 .debug_abbrev  0x0000079d       0x14 /usr/local/bin/../lib/gcc/msp430/4.7.2/mmpy-16/libcrt0.a(__watchdog_support.o)
 .debug_abbrev  0x000007b1       0x14 /usr/local/bin/../lib/gcc/msp430/4.7.2/mmpy-16/libcrt0.a(__init_stack.o)
 .debug_abbrev  0x000007c5       0x14 /usr/local/bin/../lib/gcc/msp430/4.7.2/mmpy-16/libcrt0.a(_copy_data.o)
 .debug_abbrev  0x000007d9       0x14 /usr/local/bin/../lib/gcc/msp430/4.7.2/mmpy-16/libcrt0.a(_clear_bss.o)
 .debug_abbrev  0x000007ed       0x14 /usr/local/bin/../lib/gcc/msp430/4.7.2/mmpy-16/libcrt0.a(_endless_loop__.o)
 .debug_abbrev  0x00000801       0x14 /usr/local/bin/../lib/gcc/msp430/4.7.2/mmpy-16/libcrt0.a(_unexpected_.o)

.debug_line     0x00000000      0xcbf
 *(.debug_line)
 .debug_line    0x00000000       0x64 /usr/local/bin/../lib/gcc/msp430/4.7.2/mmpy-16/crt0ivtbl16.o
 .debug_line    0x00000064       0x77 /usr/local/bin/../lib/gcc/msp430/4.7.2/mmpy-16/libgcc.a(_mulsi3.o)
 .debug_line    0x000000db       0x7b /usr/local/bin/../lib/gcc/msp430/4.7.2/mmpy-16/libgcc.a(_divmod16.o)
 .debug_line    0x00000156       0x7f /usr/local/bin/../lib/gcc/msp430/4.7.2/mmpy-16/libgcc.a(_udivmod32.o)
 .debug_line    0x000001d5       0x70 /usr/local/bin/../lib/gcc/msp430/4.7.2/mmpy-16/libgcc.a(_udivmod16.o)
 .debug_line    0x00000245       0xa9 /usr/local/bin/../lib/gcc/msp430/4.7.2/../../../../msp430/lib/mmpy-16/libc.a(printf.o)
 .debug_line    0x000002ee      0x30a /usr/local/bin/../lib/gcc/msp430/4.7.2/../../../../msp430/lib/mmpy-16/libc.a(vuprintf.o)
 .debug_line    0x000005f8       0x65 /usr/local/bin/../lib/gcc/msp430/4.7.2/../../../../msp430/lib/mmpy-16/libc.a(puts.o)
 .debug_line    0x0000065d       0x68 /usr/local/bin/../lib/gcc/msp430/4.7.2/../../../../msp430/lib/mmpy-16/libc.a(rand.o)
 .debug_line    0x000006c5       0x49 /usr/local/bin/../lib/gcc/msp430/4.7.2/../../../../msp430/lib/mmpy-16/libc.a(strcmp.o)
 .debug_line    0x0000070e       0x8f /usr/local/bin/../lib/gcc/msp430/4.7.2/../../../../msp430/lib/mmpy-16/libc.a(memcmp.o)
 .debug_line    0x0000079d      0x118 /usr/local/bin/../lib/gcc/msp430/4.7.2/../../../../msp430/lib/mmpy-16/libc.a(memcpy.o)
 .debug_line    0x000008b5       0xf2 /usr/local/bin/../lib/gcc/msp430/4.7.2/../../../../msp430/lib/mmpy-16/libc.a(memset.o)
 .debug_line    0x000009a7       0xc9 /usr/local/bin/../lib/gcc/msp430/4.7.2/mmpy-16/libgcc.a(_udivmod64.o)
 .debug_line    0x00000a70       0x62 /usr/local/bin/../lib/gcc/msp430/4.7.2/mmpy-16/libcrt0.a(__watchdog_support.o)
 .debug_line    0x00000ad2       0x60 /usr/local/bin/../lib/gcc/msp430/4.7.2/mmpy-16/libcrt0.a(__init_stack.o)
 .debug_line    0x00000b32       0x66 /usr/local/bin/../lib/gcc/msp430/4.7.2/mmpy-16/libcrt0.a(_copy_data.o)
 .debug_line    0x00000b98       0x66 /usr/local/bin/../lib/gcc/msp430/4.7.2/mmpy-16/libcrt0.a(_clear_bss.o)
 .debug_line    0x00000bfe       0x61 /usr/local/bin/../lib/gcc/msp430/4.7.2/mmpy-16/libcrt0.a(_endless_loop__.o)
 .debug_line    0x00000c5f       0x60 /usr/local/bin/../lib/gcc/msp430/4.7.2/mmpy-16/libcrt0.a(_unexpected_.o)

.debug_frame    0x00000000      0x1d4
 *(.debug_frame)
 .debug_frame   0x00000000       0x2a /usr/local/bin/../lib/gcc/msp430/4.7.2/../../../../msp430/lib/mmpy-16/libc.a(printf.o)
 .debug_frame   0x0000002a       0xa0 /usr/local/bin/../lib/gcc/msp430/4.7.2/../../../../msp430/lib/mmpy-16/libc.a(vuprintf.o)
 .debug_frame   0x000000ca       0x24 /usr/local/bin/../lib/gcc/msp430/4.7.2/../../../../msp430/lib/mmpy-16/libc.a(puts.o)
 .debug_frame   0x000000ee       0x3c /usr/local/bin/../lib/gcc/msp430/4.7.2/../../../../msp430/lib/mmpy-16/libc.a(rand.o)
 .debug_frame   0x0000012a       0x1e /usr/local/bin/../lib/gcc/msp430/4.7.2/../../../../msp430/lib/mmpy-16/libc.a(strcmp.o)
 .debug_frame   0x00000148       0x28 /usr/local/bin/../lib/gcc/msp430/4.7.2/../../../../msp430/lib/mmpy-16/libc.a(memcmp.o)
 .debug_frame   0x00000170       0x32 /usr/local/bin/../lib/gcc/msp430/4.7.2/../../../../msp430/lib/mmpy-16/libc.a(memcpy.o)
 .debug_frame   0x000001a2       0x32 /usr/local/bin/../lib/gcc/msp430/4.7.2/../../../../msp430/lib/mmpy-16/libc.a(memset.o)

.debug_str      0x00000000      0x3e3
 *(.debug_str)
 .debug_str     0x00000000       0xe2 /usr/local/bin/../lib/gcc/msp430/4.7.2/../../../../msp430/lib/mmpy-16/libc.a(printf.o)
                                0x12a (size before relaxing)
 .debug_str     0x000000e2      0x218 /usr/local/bin/../lib/gcc/msp430/4.7.2/../../../../msp430/lib/mmpy-16/libc.a(vuprintf.o)
                                0x375 (size before relaxing)
 .debug_str     0x000002fa       0x1d /usr/local/bin/../lib/gcc/msp430/4.7.2/../../../../msp430/lib/mmpy-16/libc.a(puts.o)
                                 0xef (size before relaxing)
 .debug_str     0x00000317       0x2f /usr/local/bin/../lib/gcc/msp430/4.7.2/../../../../msp430/lib/mmpy-16/libc.a(rand.o)
                                0x106 (size before relaxing)
 .debug_str     0x00000346       0x19 /usr/local/bin/../lib/gcc/msp430/4.7.2/../../../../msp430/lib/mmpy-16/libc.a(strcmp.o)
                                 0xeb (size before relaxing)
 .debug_str     0x0000035f       0x20 /usr/local/bin/../lib/gcc/msp430/4.7.2/../../../../msp430/lib/mmpy-16/libc.a(memcmp.o)
                                 0xf2 (size before relaxing)
 .debug_str     0x0000037f       0x3e /usr/local/bin/../lib/gcc/msp430/4.7.2/../../../../msp430/lib/mmpy-16/libc.a(memcpy.o)
                                0x120 (size before relaxing)
 .debug_str     0x000003bd       0x26 /usr/local/bin/../lib/gcc/msp430/4.7.2/../../../../msp430/lib/mmpy-16/libc.a(memset.o)
                                0x11e (size before relaxing)

.debug_loc      0x00000000      0xc13
 *(.debug_loc)
 .debug_loc     0x00000000       0x4c /usr/local/bin/../lib/gcc/msp430/4.7.2/../../../../msp430/lib/mmpy-16/libc.a(printf.o)
 .debug_loc     0x0000004c      0x80f /usr/local/bin/../lib/gcc/msp430/4.7.2/../../../../msp430/lib/mmpy-16/libc.a(vuprintf.o)
 .debug_loc     0x0000085b       0x26 /usr/local/bin/../lib/gcc/msp430/4.7.2/../../../../msp430/lib/mmpy-16/libc.a(puts.o)
 .debug_loc     0x00000881       0x4f /usr/local/bin/../lib/gcc/msp430/4.7.2/../../../../msp430/lib/mmpy-16/libc.a(rand.o)
 .debug_loc     0x000008d0       0x32 /usr/local/bin/../lib/gcc/msp430/4.7.2/../../../../msp430/lib/mmpy-16/libc.a(strcmp.o)
 .debug_loc     0x00000902       0x4d /usr/local/bin/../lib/gcc/msp430/4.7.2/../../../../msp430/lib/mmpy-16/libc.a(memcmp.o)
 .debug_loc     0x0000094f      0x1e3 /usr/local/bin/../lib/gcc/msp430/4.7.2/../../../../msp430/lib/mmpy-16/libc.a(memcpy.o)
 .debug_loc     0x00000b32       0xe1 /usr/local/bin/../lib/gcc/msp430/4.7.2/../../../../msp430/lib/mmpy-16/libc.a(memset.o)

.debug_macinfo
 *(.debug_macinfo)

.debug_pubtypes
 *(.debug_pubtypes)

.debug_ranges   0x00000000       0x68
 *(.debug_ranges)
 .debug_ranges  0x00000000        0xc /usr/local/bin/../lib/gcc/msp430/4.7.2/../../../../msp430/lib/mmpy-16/libc.a(printf.o)